2026-09-17 11:27:00,847 - DigitalTwin - INFO - Scenario: startup | True: {'co2_ppm': 420.132455458535, 'temperature_c': 25.0, 'humidity_percent': 50.0, 'gas_flow_l_min': 250.0, 'captured_co2_g': 0.0025207947327512106, 'fan_speed_rpm': 1000.0} | Cmd RPM: 1000.0
2026-09-17 11:27:01,847 - DigitalTwin - INFO - Scenario: startup | True: {'co2_ppm': 419.7334245766062, 'temperature_c': 25.0, 'humidity_percent': 50.0, 'gas_flow_l_min': 250.0, 'captured_co2_g': 0.005039195280210847, 'fan_speed_rpm': 1000.0} | Cmd RPM: 1000.0
2026-09-17 11:27:02,848 - DigitalTwin - INFO - Scenario: startup | True: {'co2_ppm': 419.88914356366644, 'temperature_c': 25.0, 'humidity_percent': 50.0, 'gas_flow_l_min': 250.0, 'captured_co2_g': 0.007558530141592846, 'fan_speed_rpm': 1000.0} | Cmd RPM: 1000.0
2026-09-17 11:27:03,849 - DigitalTwin - INFO - Scenario: startup | True: {'co2_ppm': 420.08291881072194, 'temperature_c': 25.0, 'humidity_percent': 50.0, 'gas_flow_l_min': 250.0, 'captured_co2_g': 0.010079027654457179, 'fan_speed_rpm': 1000.0} | Cmd RPM: 1000.0
2026-09-17 11:27:04,850 - DigitalTwin - INFO - Scenario: startup | True: {'co2_ppm': 420.4088925182159, 'temperature_c': 25.0, 'humidity_percent': 50.0, 'gas_flow_l_min': 250.0, 'captured_co2_g': 0.012601481009566474, 'fan_speed_rpm': 1000.0} | Cmd RPM: 1000.0
2026-09-17 11:27:05,851 - DigitalTwin - INFO - Scenario: startup | True: {'co2_ppm': 420.4378864920146, 'temperature_c': 25.0, 'humidity_percent': 50.0, 'gas_flow_l_min': 250.0, 'captured_co2_g': 0.015124108328518562, 'fan_speed_rpm': 1000.0} | Cmd RPM: 1000.0
2026-09-17 11:27:06,852 - DigitalTwin - INFO - Scenario: startup | True: {'co2_ppm': 420.15749552928287, 'temperature_c': 25.0, 'humidity_percent': 50.0, 'gas_flow_l_min': 250.0, 'captured_co2_g': 0.01764505330169426, 'fan_speed_rpm': 1000.0} | Cmd RPM: 1000.0
2026-09-17 11:27:07,852 - DigitalTwin - INFO - Scenario: startup | True: {'co2_ppm': 420.02121132284026, 'temperature_c': 25.0, 'humidity_percent': 50.0, 'gas_flow_l_min': 250.0, 'captured_co2_g': 0.020165180569631302, 'fan_speed_rpm': 1000.0} | Cmd RPM: 1000.0
2026-09-17 11:27:08,853 - DigitalTwin - INFO - Scenario: startup | True: {'co2_ppm': 419.70773247248644, 'temperature_c': 25.0, 'humidity_percent': 50.0, 'gas_flow_l_min': 250.0, 'captured_co2_g': 0.022683426964466222, 'fan_speed_rpm': 1000.0} | Cmd RPM: 1000.0
2026-09-17 11:27:09,854 - DigitalTwin - INFO - Scenario: startup | True: {'co2_ppm': 419.8977293873025, 'temperature_c': 25.0, 'humidity_percent': 50.0, 'gas_flow_l_min': 250.0, 'captured_co2_g': 0.025202813340790036, 'fan_speed_rpm': 1000.0} | Cmd RPM: 1000.0
2026-09-17 11:27:10,856 - DigitalTwin - INFO - Scenario: normal | True: {'co2_ppm': 419.72543370140704, 'temperature_c': 25.0, 'humidity_percent': 50.0, 'gas_flow_l_min': 375.0, 'captured_co2_g': 0.0289803422441027, 'fan_speed_rpm': 1500.0} | Cmd RPM: 1500.0
2026-09-17 11:27:11,857 - DigitalTwin - INFO - Scenario: normal | True: {'co2_ppm': 419.7000712762947, 'temperature_c': 25.0, 'humidity_percent': 50.0, 'gas_flow_l_min': 375.0, 'captured_co2_g': 0.032757642885589355, 'fan_speed_rpm': 1500.0} | Cmd RPM: 1500.0
2026-09-17 11:27:12,859 - DigitalTwin - INFO - Scenario: normal | True: {'co2_ppm': 419.6194981923634, 'temperature_c': 25.0, 'humidity_percent': 50.0, 'gas_flow_l_min': 375.0, 'captured_co2_g': 0.03653421836932062, 'fan_speed_rpm': 1500.0} | Cmd RPM: 1500.0
2026-09-17 11:27:13,860 - DigitalTwin - INFO - Scenario: normal | True: {'co2_ppm': 419.75959702236315, 'temperature_c': 25.0, 'humidity_percent': 50.0, 'gas_flow_l_min': 375.0, 'captured_co2_g': 0.04031205474252189, 'fan_speed_rpm': 1500.0} | Cmd RPM: 1500.0
2026-09-17 11:27:14,862 - DigitalTwin - INFO - Scenario: normal | True: {'co2_ppm': 420.2191416299779, 'temperature_c': 25.0, 'humidity_percent': 50.0, 'gas_flow_l_min': 375.0, 'captured_co2_g': 0.04409402701719169, 'fan_speed_rpm': 1500.0} | Cmd RPM: 1500.0
2026-09-17 11:27:15,864 - DigitalTwin - INFO - Scenario: normal | True: {'co2_ppm': 420.3420982571298, 'temperature_c': 25.0, 'humidity_percent': 50.0, 'gas_flow_l_min': 375.0, 'captured_co2_g': 0.04787710590150586, 'fan_speed_rpm': 1500.0} | Cmd RPM: 1500.0
2026-09-17 11:27:16,865 - DigitalTwin - INFO - Scenario: normal | True: {'co2_ppm': 420.3255501516711, 'temperature_c': 25.0, 'humidity_percent': 50.0, 'gas_flow_l_min': 375.0, 'captured_co2_g': 0.0516600358528709, 'fan_speed_rpm': 1500.0} | Cmd RPM: 1500.0
2026-09-17 11:27:17,867 - DigitalTwin - INFO - Scenario: normal | True: {'co2_ppm': 419.9794699492097, 'temperature_c': 25.0, 'humidity_percent': 50.0, 'gas_flow_l_min': 375.0, 'captured_co2_g': 0.05543985108241379, 'fan_speed_rpm': 1500.0} | Cmd RPM: 1500.0
2026-09-17 11:27:18,868 - DigitalTwin - INFO - Scenario: normal | True: {'co2_ppm': 419.5239993570158, 'temperature_c': 25.0, 'humidity_percent': 50.0, 'gas_flow_l_min': 375.0, 'captured_co2_g': 0.05921556707662693, 'fan_speed_rpm': 1500.0} | Cmd RPM: 1500.0
2026-09-17 11:27:19,870 - DigitalTwin - INFO - Scenario: normal | True: {'co2_ppm': 419.97240136219807, 'temperature_c': 25.0, 'humidity_percent': 50.0, 'gas_flow_l_min': 375.0, 'captured_co2_g': 0.06299531868888672, 'fan_speed_rpm': 1500.0} | Cmd RPM: 1500.0
2026-09-17 11:27:20,873 - DigitalTwin - INFO - Scenario: fan_failure | True: {'co2_ppm': 419.9502995532819, 'temperature_c': 25.0, 'humidity_percent': 50.0, 'gas_flow_l_min': 300.0, 'captured_co2_g': 0.06601896084567035, 'fan_speed_rpm': 1200.0} | Cmd RPM: 1500.0
2026-09-17 11:27:21,874 - DigitalTwin - INFO - Scenario: fan_failure | True: {'co2_ppm': 420.1712190912533, 'temperature_c': 25.0, 'humidity_percent': 50.0, 'gas_flow_l_min': 240.0, 'captured_co2_g': 0.06843914706763597, 'fan_speed_rpm': 960.0} | Cmd RPM: 1500.0
2026-09-17 11:27:22,876 - DigitalTwin - INFO - Scenario: fan_failure | True: {'co2_ppm': 419.8026121227655, 'temperature_c': 25.0, 'humidity_percent': 50.0, 'gas_flow_l_min': 192.0, 'captured_co2_g': 0.07037359750429767, 'fan_speed_rpm': 768.0} | Cmd RPM: 1500.0
2026-09-17 11:27:23,877 - DigitalTwin - INFO - Scenario: fan_failure | True: {'co2_ppm': 419.93702932603384, 'temperature_c': 25.0, 'humidity_percent': 50.0, 'gas_flow_l_min': 153.6, 'captured_co2_g': 0.07192165336920515, 'fan_speed_rpm': 614.4} | Cmd RPM: 1500.0
2026-09-17 11:27:24,879 - DigitalTwin - INFO - Scenario: fan_failure | True: {'co2_ppm': 419.66870282673403, 'temperature_c': 25.0, 'humidity_percent': 50.0, 'gas_flow_l_min': 122.88, 'captured_co2_g': 0.07315930673408554, 'fan_speed_rpm': 491.52} | Cmd RPM: 1500.0
2026-09-17 11:27:25,880 - DigitalTwin - INFO - Scenario: fan_failure | True: {'co2_ppm': 419.3911571040411, 'temperature_c': 25.0, 'humidity_percent': 50.0, 'gas_flow_l_min': 98.304, 'captured_co2_g': 0.07414877461347646, 'fan_speed_rpm': 393.216} | Cmd RPM: 1500.0
2026-09-17 11:27:26,883 - DigitalTwin - INFO - Scenario: fan_failure | True: {'co2_ppm': 419.8815561996367, 'temperature_c': 25.0, 'humidity_percent': 50.0, 'gas_flow_l_min': 78.64320000000001, 'captured_co2_g': 0.07494127451428893, 'fan_speed_rpm': 314.57280000000003} | Cmd RPM: 1500.0
2026-09-17 11:27:27,883 - DigitalTwin - INFO - Scenario: fan_failure | True: {'co2_ppm': 419.83866126009633, 'temperature_c': 25.0, 'humidity_percent': 50.0, 'gas_flow_l_min': 62.91456000000001, 'captured_co2_g': 0.07557520966574896, 'fan_speed_rpm': 251.65824000000003} | Cmd RPM: 1500.0
2026-09-17 11:27:28,885 - DigitalTwin - INFO - Scenario: fan_failure | True: {'co2_ppm': 419.8945372439189, 'temperature_c': 25.0, 'humidity_percent': 50.0, 'gas_flow_l_min': 50.33164800000001, 'captured_co2_g': 0.07608242528284537, 'fan_speed_rpm': 201.32659200000003} | Cmd RPM: 1500.0
2026-09-17 11:27:29,886 - DigitalTwin - INFO - Scenario: fan_failure | True: {'co2_ppm': 419.58280593679666, 'temperature_c': 25.0, 'humidity_percent': 50.0, 'gas_flow_l_min': 40.265318400000005, 'captured_co2_g': 0.07648789652947442, 'fan_speed_rpm': 161.06127360000002} | Cmd RPM: 1500.0
2026-09-17 11:27:30,888 - DigitalTwin - INFO - Scenario: normal | True: {'co2_ppm': 419.7769429052636, 'temperature_c': 25.0, 'humidity_percent': 50.0, 'gas_flow_l_min': 375.0, 'captured_co2_g': 0.08026588901562179, 'fan_speed_rpm': 1500.0} | Cmd RPM: 1500.0
2026-09-17 11:27:31,889 - DigitalTwin - INFO - Scenario: normal | True: {'co2_ppm': 419.9955836215319, 'temperature_c': 25.0, 'humidity_percent': 50.0, 'gas_flow_l_min': 375.0, 'captured_co2_g': 0.08404584926821558, 'fan_speed_rpm': 1500.0} | Cmd RPM: 1500.0
2026-09-17 11:27:32,890 - DigitalTwin - INFO - Scenario: normal | True: {'co2_ppm': 419.57511144971744, 'temperature_c': 25.0, 'humidity_percent': 50.0, 'gas_flow_l_min': 375.0, 'captured_co2_g': 0.08782202527126304, 'fan_speed_rpm': 1500.0} | Cmd RPM: 1500.0
2026-09-17 11:27:33,891 - DigitalTwin - INFO - Scenario: normal | True: {'co2_ppm': 419.29788959016327, 'temperature_c': 25.0, 'humidity_percent': 50.0, 'gas_flow_l_min': 375.0, 'captured_co2_g': 0.0915957062775745, 'fan_speed_rpm': 1500.0} | Cmd RPM: 1500.0
2026-09-17 11:27:34,893 - DigitalTwin - INFO - Scenario: normal | True: {'co2_ppm': 419.42278830651185, 'temperature_c': 25.0, 'humidity_percent': 50.0, 'gas_flow_l_min': 375.0, 'captured_co2_g': 0.09537051137233311, 'fan_speed_rpm': 1500.0} | Cmd RPM: 1500.0
2026-09-17 11:27:35,895 - DigitalTwin - INFO - Scenario: normal | True: {'co2_ppm': 419.65703110193624, 'temperature_c': 25.0, 'humidity_percent': 50.0, 'gas_flow_l_min': 375.0, 'captured_co2_g': 0.09914742465225054, 'fan_speed_rpm': 1500.0} | Cmd RPM: 1500.0
2026-09-17 11:27:36,896 - DigitalTwin - INFO - Scenario: normal | True: {'co2_ppm': 419.2680955056079, 'temperature_c': 25.0, 'humidity_percent': 50.0, 'gas_flow_l_min': 375.0, 'captured_co2_g': 0.10292083751180102, 'fan_speed_rpm': 1500.0} | Cmd RPM: 1500.0
2026-09-17 11:27:37,897 - DigitalTwin - INFO - Scenario: normal | True: {'co2_ppm': 419.7162871394215, 'temperature_c': 25.0, 'humidity_percent': 50.0, 'gas_flow_l_min': 375.0, 'captured_co2_g': 0.1066982840960558, 'fan_speed_rpm': 1500.0} | Cmd RPM: 1500.0
2026-09-17 11:27:38,897 - DigitalTwin - INFO - Scenario: normal | True: {'co2_ppm': 419.83656665989014, 'temperature_c': 25.0, 'humidity_percent': 50.0, 'gas_flow_l_min': 375.0, 'captured_co2_g': 0.11047681319599481, 'fan_speed_rpm': 1500.0} | Cmd RPM: 1500.0
2026-09-17 11:27:39,898 - DigitalTwin - INFO - Scenario: normal | True: {'co2_ppm': 420.2617218306264, 'temperature_c': 25.0, 'humidity_percent': 50.0, 'gas_flow_l_min': 375.0, 'captured_co2_g': 0.11425916869247045, 'fan_speed_rpm': 1500.0} | Cmd RPM: 1500.0
2026-09-17 11:27:40,900 - DigitalTwin - INFO - Scenario: sensor_spike | True: {'co2_ppm': 420.45536731687696, 'temperature_c': 25.0, 'humidity_percent': 50.0, 'gas_flow_l_min': 375.0, 'captured_co2_g': 0.11804326699832235, 'fan_speed_rpm': 1500.0} | Cmd RPM: 1500.0
2026-09-17 11:27:41,901 - DigitalTwin - INFO - Scenario: sensor_spike | True: {'co2_ppm': 420.0452824953602, 'temperature_c': 25.0, 'humidity_percent': 50.0, 'gas_flow_l_min': 375.0, 'captured_co2_g': 0.1218236745407806, 'fan_speed_rpm': 1500.0} | Cmd RPM: 1500.0
2026-09-17 11:27:42,902 - DigitalTwin - INFO - Scenario: sensor_spike | True: {'co2_ppm': 420.2721877335227, 'temperature_c': 25.0, 'humidity_percent': 50.0, 'gas_flow_l_min': 375.0, 'captured_co2_g': 0.1256061242303823, 'fan_speed_rpm': 1500.0} | Cmd RPM: 1500.0
2026-09-17 11:27:43,904 - DigitalTwin - INFO - Scenario: sensor_spike | True: {'co2_ppm': 420.3018891215918, 'temperature_c': 25.0, 'humidity_percent': 50.0, 'gas_flow_l_min': 375.0, 'captured_co2_g': 0.12938884123247663, 'fan_speed_rpm': 1500.0} | Cmd RPM: 1500.0
2026-09-17 11:27:44,905 - DigitalTwin - INFO - Scenario: sensor_spike | True: {'co2_ppm': 420.56811085515585, 'temperature_c': 25.0, 'humidity_percent': 50.0, 'gas_flow_l_min': 375.0, 'captured_co2_g': 0.13317395423017303, 'fan_speed_rpm': 1500.0} | Cmd RPM: 1500.0
2026-09-17 11:27:45,906 - DigitalTwin - INFO - Scenario: sensor_spike | True: {'co2_ppm': 420.9046332787765, 'temperature_c': 25.0, 'humidity_percent': 50.0, 'gas_flow_l_min': 375.0, 'captured_co2_g': 0.13696209592968203, 'fan_speed_rpm': 1500.0} | Cmd RPM: 1500.0
2026-09-17 11:27:46,907 - DigitalTwin - INFO - Scenario: sensor_spike | True: {'co2_ppm': 421.15463474878106, 'temperature_c': 25.0, 'humidity_percent': 50.0, 'gas_flow_l_min': 375.0, 'captured_co2_g': 0.14075248764242107, 'fan_speed_rpm': 1500.0} | Cmd RPM: 1500.0
2026-09-17 11:27:47,907 - DigitalTwin - INFO - Scenario: sensor_spike | True: {'co2_ppm': 421.4427638382985, 'temperature_c': 25.0, 'humidity_percent': 50.0, 'gas_flow_l_min': 375.0, 'captured_co2_g': 0.14454547251696576, 'fan_speed_rpm': 1500.0} | Cmd RPM: 1500.0
2026-09-17 11:27:48,908 - DigitalTwin - INFO - Scenario: sensor_spike | True: {'co2_ppm': 421.10693767805196, 'temperature_c': 25.0, 'humidity_percent': 50.0, 'gas_flow_l_min': 375.0, 'captured_co2_g': 0.1483354349560682, 'fan_speed_rpm': 1500.0} | Cmd RPM: 1500.0
2026-09-17 11:27:49,909 - DigitalTwin - INFO - Scenario: sensor_spike | True: {'co2_ppm': 420.7600640930607, 'temperature_c': 25.0, 'humidity_percent': 50.0, 'gas_flow_l_min': 375.0, 'captured_co2_g': 0.15212227553290575, 'fan_speed_rpm': 1500.0} | Cmd RPM: 1500.0
2026-09-17 11:27:50,909 - DigitalTwin - INFO - Scenario: sensor_spike | True: {'co2_ppm': 421.179153091246, 'temperature_c': 25.0, 'humidity_percent': 50.0, 'gas_flow_l_min': 375.0, 'captured_co2_g': 0.15591288791072697, 'fan_speed_rpm': 1500.0} | Cmd RPM: 1500.0
2026-09-17 11:27:51,911 - DigitalTwin - INFO - Scenario: sensor_spike | True: {'co2_ppm': 420.8973884810805, 'temperature_c': 25.0, 'humidity_percent': 50.0, 'gas_flow_l_min': 375.0, 'captured_co2_g': 0.1597009644070567, 'fan_speed_rpm': 1500.0} | Cmd RPM: 1500.0
2026-09-17 11:27:52,912 - DigitalTwin - INFO - Scenario: sensor_spike | True: {'co2_ppm': 420.74345471870396, 'temperature_c': 25.0, 'humidity_percent': 50.0, 'gas_flow_l_min': 375.0, 'captured_co2_g': 0.16348765549952504, 'fan_speed_rpm': 1500.0} | Cmd RPM: 1500.0
2026-09-17 11:27:53,914 - DigitalTwin - INFO - Scenario: sensor_spike | True: {'co2_ppm': 420.91474048195636, 'temperature_c': 25.0, 'humidity_percent': 50.0, 'gas_flow_l_min': 375.0, 'captured_co2_g': 0.16727588816386266, 'fan_speed_rpm': 1500.0} | Cmd RPM: 1500.0
2026-09-17 11:27:54,916 - DigitalTwin - INFO - Scenario: sensor_spike | True: {'co2_ppm': 420.692223320664, 'temperature_c': 25.0, 'humidity_percent': 50.0, 'gas_flow_l_min': 375.0, 'captured_co2_g': 0.17106211817374864, 'fan_speed_rpm': 1500.0} | Cmd RPM: 1500.0
2026-09-17 11:27:55,917 - DigitalTwin - INFO - Scenario: sensor_spike | True: {'co2_ppm': 420.46348459703046, 'temperature_c': 25.0, 'humidity_percent': 50.0, 'gas_flow_l_min': 375.0, 'captured_co2_g': 0.1748462895351219, 'fan_speed_rpm': 1500.0} | Cmd RPM: 1500.0
2026-09-17 11:27:56,918 - DigitalTwin - INFO - Scenario: sensor_spike | True: {'co2_ppm': 420.2512127480162, 'temperature_c': 25.0, 'humidity_percent': 50.0, 'gas_flow_l_min': 375.0, 'captured_co2_g': 0.17862855044985404, 'fan_speed_rpm': 1500.0} | Cmd RPM: 1500.0
2026-09-17 11:27:57,920 - DigitalTwin - INFO - Scenario: sensor_spike | True: {'co2_ppm': 420.2053908913501, 'temperature_c': 25.0, 'humidity_percent': 50.0, 'gas_flow_l_min': 375.0, 'captured_co2_g': 0.1824103989678762, 'fan_speed_rpm': 1500.0} | Cmd RPM: 1500.0
2026-09-17 11:27:58,922 - DigitalTwin - INFO - Scenario: sensor_spike | True: {'co2_ppm': 419.8006771066714, 'temperature_c': 25.0, 'humidity_percent': 50.0, 'gas_flow_l_min': 375.0, 'captured_co2_g': 0.18618860506183624, 'fan_speed_rpm': 1500.0} | Cmd RPM: 1500.0
2026-09-17 11:27:59,923 - DigitalTwin - INFO - Scenario: sensor_spike | True: {'co2_ppm': 419.5490518840353, 'temperature_c': 25.0, 'humidity_percent': 50.0, 'gas_flow_l_min': 375.0, 'captured_co2_g': 0.18996454652879255, 'fan_speed_rpm': 1500.0} | Cmd RPM: 1500.0
2026-09-17 11:28:00,924 - DigitalTwin - INFO - Scenario: sensor_spike | True: {'co2_ppm': 419.49031825028135, 'temperature_c': 25.0, 'humidity_percent': 50.0, 'gas_flow_l_min': 375.0, 'captured_co2_g': 0.19373995939304509, 'fan_speed_rpm': 1500.0} | Cmd RPM: 1500.0
2026-09-17 11:28:01,926 - DigitalTwin - INFO - Scenario: sensor_spike | True: {'co2_ppm': 419.04606991499844, 'temperature_c': 25.0, 'humidity_percent': 50.0, 'gas_flow_l_min': 375.0, 'captured_co2_g': 0.19751137402228008, 'fan_speed_rpm': 1500.0} | Cmd RPM: 1500.0
2026-09-17 11:28:02,927 - DigitalTwin - INFO - Scenario: sensor_spike | True: {'co2_ppm': 419.11082628217, 'temperature_c': 25.0, 'humidity_percent': 50.0, 'gas_flow_l_min': 375.0, 'captured_co2_g': 0.2012833714588196, 'fan_speed_rpm': 1500.0} | Cmd RPM: 1500.0
2026-09-17 11:28:03,928 - DigitalTwin - INFO - Scenario: sensor_spike | True: {'co2_ppm': 419.6187827984746, 'temperature_c': 25.0, 'humidity_percent': 50.0, 'gas_flow_l_min': 375.0, 'captured_co2_g': 0.2050599405040059, 'fan_speed_rpm': 1500.0} | Cmd RPM: 1500.0
2026-09-17 11:28:04,930 - DigitalTwin - INFO - Scenario: sensor_spike | True: {'co2_ppm': 419.9518843697862, 'temperature_c': 25.0, 'humidity_percent': 50.0, 'gas_flow_l_min': 375.0, 'captured_co2_g': 0.20883950746333396, 'fan_speed_rpm': 1500.0} | Cmd RPM: 1500.0
2026-09-17 11:28:05,931 - DigitalTwin - INFO - Scenario: sensor_spike | True: {'co2_ppm': 420.0850685162343, 'temperature_c': 25.0, 'humidity_percent': 50.0, 'gas_flow_l_min': 375.0, 'captured_co2_g': 0.21262027307998008, 'fan_speed_rpm': 1500.0} | Cmd RPM: 1500.0
2026-09-17 11:28:06,934 - DigitalTwin - INFO - Scenario: sensor_spike | True: {'co2_ppm': 419.8639444421506, 'temperature_c': 25.0, 'humidity_percent': 50.0, 'gas_flow_l_min': 375.0, 'captured_co2_g': 0.21639904857995942, 'fan_speed_rpm': 1500.0} | Cmd RPM: 1500.0
2026-09-17 11:28:07,936 - DigitalTwin - INFO - Scenario: sensor_spike | True: {'co2_ppm': 419.4567646282213, 'temperature_c': 25.0, 'humidity_percent': 50.0, 'gas_flow_l_min': 375.0, 'captured_co2_g': 0.22017415946161342, 'fan_speed_rpm': 1500.0} | Cmd RPM: 1500.0
2026-09-17 11:28:08,937 - DigitalTwin - INFO - Scenario: sensor_spike | True: {'co2_ppm': 419.5638018403043, 'temperature_c': 25.0, 'humidity_percent': 50.0, 'gas_flow_l_min': 375.0, 'captured_co2_g': 0.22395023367817615, 'fan_speed_rpm': 1500.0} | Cmd RPM: 1500.0
2026-09-17 11:28:09,939 - DigitalTwin - INFO - Scenario: sensor_spike | True: {'co2_ppm': 419.82641311709546, 'temperature_c': 25.0, 'humidity_percent': 50.0, 'gas_flow_l_min': 375.0, 'captured_co2_g': 0.22772867139623001, 'fan_speed_rpm': 1500.0} | Cmd RPM: 1500.0
2026-09-17 11:28:10,940 - DigitalTwin - INFO - Scenario: sensor_spike | True: {'co2_ppm': 419.5696042208483, 'temperature_c': 25.0, 'humidity_percent': 50.0, 'gas_flow_l_min': 375.0, 'captured_co2_g': 0.23150479783421765, 'fan_speed_rpm': 1500.0} | Cmd RPM: 1500.0
2026-09-17 11:28:11,942 - DigitalTwin - INFO - Scenario: sensor_spike | True: {'co2_ppm': 419.27291650444926, 'temperature_c': 25.0, 'humidity_percent': 50.0, 'gas_flow_l_min': 375.0, 'captured_co2_g': 0.23527825408275768, 'fan_speed_rpm': 1500.0} | Cmd RPM: 1500.0
2026-09-17 11:28:12,943 - DigitalTwin - INFO - Scenario: sensor_spike | True: {'co2_ppm': 418.8600176232501, 'temperature_c': 25.0, 'humidity_percent': 50.0, 'gas_flow_l_min': 375.0, 'captured_co2_g': 0.23904799424136694, 'fan_speed_rpm': 1500.0} | Cmd RPM: 1500.0
2026-09-17 11:28:13,945 - DigitalTwin - INFO - Scenario: sensor_spike | True: {'co2_ppm': 418.75252025672484, 'temperature_c': 25.0, 'humidity_percent': 50.0, 'gas_flow_l_min': 375.0, 'captured_co2_g': 0.24281676692367746, 'fan_speed_rpm': 1500.0} | Cmd RPM: 1500.0
2026-09-17 11:28:14,947 - DigitalTwin - INFO - Scenario: sensor_spike | True: {'co2_ppm': 418.3583083665861, 'temperature_c': 25.0, 'humidity_percent': 50.0, 'gas_flow_l_min': 375.0, 'captured_co2_g': 0.24658199169897674, 'fan_speed_rpm': 1500.0} | Cmd RPM: 1500.0
2026-09-17 11:28:15,948 - DigitalTwin - INFO - Scenario: sensor_spike | True: {'co2_ppm': 418.6819144921133, 'temperature_c': 25.0, 'humidity_percent': 50.0, 'gas_flow_l_min': 375.0, 'captured_co2_g': 0.2503501289294058, 'fan_speed_rpm': 1500.0} | Cmd RPM: 1500.0
2026-09-17 11:28:16,949 - DigitalTwin - INFO - Scenario: sensor_spike | True: {'co2_ppm': 418.80858987034117, 'temperature_c': 25.0, 'humidity_percent': 50.0, 'gas_flow_l_min': 375.0, 'captured_co2_g': 0.25411940623823887, 'fan_speed_rpm': 1500.0} | Cmd RPM: 1500.0
2026-09-17 11:28:17,951 - DigitalTwin - INFO - Scenario: sensor_spike | True: {'co2_ppm': 418.50196660463405, 'temperature_c': 25.0, 'humidity_percent': 50.0, 'gas_flow_l_min': 375.0, 'captured_co2_g': 0.25788592393768056, 'fan_speed_rpm': 1500.0} | Cmd RPM: 1500.0
2026-09-17 11:28:18,951 - DigitalTwin - INFO - Scenario: sensor_spike | True: {'co2_ppm': 419.0121324706979, 'temperature_c': 25.0, 'humidity_percent': 50.0, 'gas_flow_l_min': 375.0, 'captured_co2_g': 0.26165703312991684, 'fan_speed_rpm': 1500.0} | Cmd RPM: 1500.0
2026-09-17 11:28:19,953 - DigitalTwin - INFO - Scenario: sensor_spike | True: {'co2_ppm': 419.3203826878667, 'temperature_c': 25.0, 'humidity_percent': 50.0, 'gas_flow_l_min': 375.0, 'captured_co2_g': 0.2654309165741076, 'fan_speed_rpm': 1500.0} | Cmd RPM: 1500.0
2026-09-17 11:28:20,955 - DigitalTwin - INFO - Scenario: sensor_spike | True: {'co2_ppm': 419.2863226660464, 'temperature_c': 25.0, 'humidity_percent': 50.0, 'gas_flow_l_min': 375.0, 'captured_co2_g': 0.26920449347810205, 'fan_speed_rpm': 1500.0} | Cmd RPM: 1500.0
2026-09-17 11:28:21,956 - DigitalTwin - INFO - Scenario: sensor_spike | True: {'co2_ppm': 419.7597547215979, 'temperature_c': 25.0, 'humidity_percent': 50.0, 'gas_flow_l_min': 375.0, 'captured_co2_g': 0.2729823312705964, 'fan_speed_rpm': 1500.0} | Cmd RPM: 1500.0
2026-09-17 11:28:22,957 - DigitalTwin - INFO - Scenario: sensor_spike | True: {'co2_ppm': 419.55334526208605, 'temperature_c': 25.0, 'humidity_percent': 50.0, 'gas_flow_l_min': 375.0, 'captured_co2_g': 0.2767583113779552, 'fan_speed_rpm': 1500.0} | Cmd RPM: 1500.0
2026-09-17 11:28:23,959 - DigitalTwin - INFO - Scenario: sensor_spike | True: {'co2_ppm': 419.90980550100016, 'temperature_c': 25.0, 'humidity_percent': 50.0, 'gas_flow_l_min': 375.0, 'captured_co2_g': 0.2805374996274642, 'fan_speed_rpm': 1500.0} | Cmd RPM: 1500.0
2026-09-17 11:28:24,960 - DigitalTwin - INFO - Scenario: sensor_spike | True: {'co2_ppm': 419.799355064872, 'temperature_c': 25.0, 'humidity_percent': 50.0, 'gas_flow_l_min': 375.0, 'captured_co2_g': 0.28431569382304805, 'fan_speed_rpm': 1500.0} | Cmd RPM: 1500.0
2026-09-17 11:28:25,962 - DigitalTwin - INFO - Scenario: sensor_spike | True: {'co2_ppm': 420.17069129239866, 'temperature_c': 25.0, 'humidity_percent': 50.0, 'gas_flow_l_min': 375.0, 'captured_co2_g': 0.28809723004467963, 'fan_speed_rpm': 1500.0} | Cmd RPM: 1500.0
2026-09-17 11:28:26,963 - DigitalTwin - INFO - Scenario: sensor_spike | True: {'co2_ppm': 420.15130568228506, 'temperature_c': 25.0, 'humidity_percent': 50.0, 'gas_flow_l_min': 375.0, 'captured_co2_g': 0.2918785917958202, 'fan_speed_rpm': 1500.0} | Cmd RPM: 1500.0
2026-09-17 11:28:27,965 - DigitalTwin - INFO - Scenario: sensor_spike | True: {'co2_ppm': 419.8792569786197, 'temperature_c': 25.0, 'humidity_percent': 50.0, 'gas_flow_l_min': 375.0, 'captured_co2_g': 0.29565750510862776, 'fan_speed_rpm': 1500.0} | Cmd RPM: 1500.0
2026-09-17 11:28:28,966 - DigitalTwin - INFO - Scenario: sensor_spike | True: {'co2_ppm': 420.11893279456666, 'temperature_c': 25.0, 'humidity_percent': 50.0, 'gas_flow_l_min': 375.0, 'captured_co2_g': 0.29943857550377884, 'fan_speed_rpm': 1500.0} | Cmd RPM: 1500.0
2026-09-17 11:28:29,967 - DigitalTwin - INFO - Scenario: sensor_spike | True: {'co2_ppm': 419.75156315903064, 'temperature_c': 25.0, 'humidity_percent': 50.0, 'gas_flow_l_min': 375.0, 'captured_co2_g': 0.3032163395722101, 'fan_speed_rpm': 1500.0} | Cmd RPM: 1500.0
2026-09-17 11:28:30,968 - DigitalTwin - INFO - Scenario: sensor_spike | True: {'co2_ppm': 420.216761672818, 'temperature_c': 25.0, 'humidity_percent': 50.0, 'gas_flow_l_min': 375.0, 'captured_co2_g': 0.30699829042726545, 'fan_speed_rpm': 1500.0} | Cmd RPM: 1500.0
2026-09-17 11:28:31,969 - DigitalTwin - INFO - Scenario: sensor_spike | True: {'co2_ppm': 419.74436453807033, 'temperature_c': 25.0, 'humidity_percent': 50.0, 'gas_flow_l_min': 375.0, 'captured_co2_g': 0.3107759897081081, 'fan_speed_rpm': 1500.0} | Cmd RPM: 1500.0
2026-09-17 11:28:32,971 - DigitalTwin - INFO - Scenario: sensor_spike | True: {'co2_ppm': 420.1071844485666, 'temperature_c': 25.0, 'humidity_percent': 50.0, 'gas_flow_l_min': 375.0, 'captured_co2_g': 0.3145569543681452, 'fan_speed_rpm': 1500.0} | Cmd RPM: 1500.0
2026-09-17 11:28:33,973 - DigitalTwin - INFO - Scenario: sensor_spike | True: {'co2_ppm': 419.6756331074627, 'temperature_c': 25.0, 'humidity_percent': 50.0, 'gas_flow_l_min': 375.0, 'captured_co2_g': 0.31833403506611235, 'fan_speed_rpm': 1500.0} | Cmd RPM: 1500.0
2026-09-17 11:28:34,974 - DigitalTwin - INFO - Scenario: sensor_spike | True: {'co2_ppm': 419.2677800726675, 'temperature_c': 25.0, 'humidity_percent': 50.0, 'gas_flow_l_min': 375.0, 'captured_co2_g': 0.32210744508676636, 'fan_speed_rpm': 1500.0} | Cmd RPM: 1500.0
2026-09-17 11:28:35,976 - DigitalTwin - INFO - Scenario: sensor_spike | True: {'co2_ppm': 419.405392837715, 'temperature_c': 25.0, 'humidity_percent': 50.0, 'gas_flow_l_min': 375.0, 'captured_co2_g': 0.3258820936223058, 'fan_speed_rpm': 1500.0} | Cmd RPM: 1500.0
2026-09-17 11:28:36,977 - DigitalTwin - INFO - Scenario: sensor_spike | True: {'co2_ppm': 419.9006528932727, 'temperature_c': 25.0, 'humidity_percent': 50.0, 'gas_flow_l_min': 375.0, 'captured_co2_g': 0.32966119949834527, 'fan_speed_rpm': 1500.0} | Cmd RPM: 1500.0
2026-09-17 11:28:37,979 - DigitalTwin - INFO - Scenario: sensor_spike | True: {'co2_ppm': 419.6310941841492, 'temperature_c': 25.0, 'humidity_percent': 50.0, 'gas_flow_l_min': 375.0, 'captured_co2_g': 0.3334378793460026, 'fan_speed_rpm': 1500.0} | Cmd RPM: 1500.0
2026-09-17 11:28:38,980 - DigitalTwin - INFO - Scenario: sensor_spike | True: {'co2_ppm': 419.7386601103053, 'temperature_c': 25.0, 'humidity_percent': 50.0, 'gas_flow_l_min': 375.0, 'captured_co2_g': 0.33721552728699533, 'fan_speed_rpm': 1500.0} | Cmd RPM: 1500.0
2026-09-17 11:28:39,982 - DigitalTwin - INFO - Scenario: sensor_spike | True: {'co2_ppm': 420.1544425970485, 'temperature_c': 25.0, 'humidity_percent': 50.0, 'gas_flow_l_min': 375.0, 'captured_co2_g': 0.3409969172703688, 'fan_speed_rpm': 1500.0} | Cmd RPM: 1500.0
2026-09-17 11:28:40,984 - DigitalTwin - INFO - Scenario: sensor_spike | True: {'co2_ppm': 420.2869734544284, 'temperature_c': 25.0, 'humidity_percent': 50.0, 'gas_flow_l_min': 375.0, 'captured_co2_g': 0.34477950003145863, 'fan_speed_rpm': 1500.0} | Cmd RPM: 1500.0
2026-09-17 11:28:41,986 - DigitalTwin - INFO - Scenario: sensor_spike | True: {'co2_ppm': 420.33837147856013, 'temperature_c': 25.0, 'humidity_percent': 50.0, 'gas_flow_l_min': 375.0, 'captured_co2_g': 0.34856254537476566, 'fan_speed_rpm': 1500.0} | Cmd RPM: 1500.0
2026-09-17 11:28:42,986 - DigitalTwin - INFO - Scenario: sensor_spike | True: {'co2_ppm': 420.31555836301, 'temperature_c': 25.0, 'humidity_percent': 50.0, 'gas_flow_l_min': 375.0, 'captured_co2_g': 0.35234538540003274, 'fan_speed_rpm': 1500.0} | Cmd RPM: 1500.0
2026-09-17 11:28:43,988 - DigitalTwin - INFO - Scenario: sensor_spike | True: {'co2_ppm': 420.7385959919427, 'temperature_c': 25.0, 'humidity_percent': 50.0, 'gas_flow_l_min': 375.0, 'captured_co2_g': 0.3561320327639602, 'fan_speed_rpm': 1500.0} | Cmd RPM: 1500.0
2026-09-17 11:28:44,989 - DigitalTwin - INFO - Scenario: sensor_spike | True: {'co2_ppm': 420.26488628183296, 'temperature_c': 25.0, 'humidity_percent': 50.0, 'gas_flow_l_min': 375.0, 'captured_co2_g': 0.35991441674049673, 'fan_speed_rpm': 1500.0} | Cmd RPM: 1500.0
2026-09-17 11:28:45,990 - DigitalTwin - INFO - Scenario: sensor_spike | True: {'co2_ppm': 420.3796874512227, 'temperature_c': 25.0, 'humidity_percent': 50.0, 'gas_flow_l_min': 375.0, 'captured_co2_g': 0.3636978339275577, 'fan_speed_rpm': 1500.0} | Cmd RPM: 1500.0
2026-09-17 11:28:46,991 - DigitalTwin - INFO - Scenario: sensor_spike | True: {'co2_ppm': 420.1990165590616, 'temperature_c': 25.0, 'humidity_percent': 50.0, 'gas_flow_l_min': 375.0, 'captured_co2_g': 0.36747962507658927, 'fan_speed_rpm': 1500.0} | Cmd RPM: 1500.0
2026-09-17 11:28:47,992 - DigitalTwin - INFO - Scenario: sensor_spike | True: {'co2_ppm': 420.01285703042015, 'temperature_c': 25.0, 'humidity_percent': 50.0, 'gas_flow_l_min': 375.0, 'captured_co2_g': 0.37125974078986307, 'fan_speed_rpm': 1500.0} | Cmd RPM: 1500.0
2026-09-17 11:28:48,994 - DigitalTwin - INFO - Scenario: sensor_spike | True: {'co2_ppm': 420.0526780935385, 'temperature_c': 25.0, 'humidity_percent': 50.0, 'gas_flow_l_min': 375.0, 'captured_co2_g': 0.3750402148927049, 'fan_speed_rpm': 1500.0} | Cmd RPM: 1500.0
2026-09-17 11:28:49,995 - DigitalTwin - INFO - Scenario: sensor_spike | True: {'co2_ppm': 419.7684245152943, 'temperature_c': 25.0, 'humidity_percent': 50.0, 'gas_flow_l_min': 375.0, 'captured_co2_g': 0.3788181307133425, 'fan_speed_rpm': 1500.0} | Cmd RPM: 1500.0
2026-09-17 11:28:50,996 - DigitalTwin - INFO - Scenario: sensor_spike | True: {'co2_ppm': 419.8834313732575, 'temperature_c': 25.0, 'humidity_percent': 50.0, 'gas_flow_l_min': 375.0, 'captured_co2_g': 0.3825970815957018, 'fan_speed_rpm': 1500.0} | Cmd RPM: 1500.0
2026-09-17 11:28:51,998 - DigitalTwin - INFO - Scenario: sensor_spike | True: {'co2_ppm': 420.2815431891546, 'temperature_c': 25.0, 'humidity_percent': 50.0, 'gas_flow_l_min': 375.0, 'captured_co2_g': 0.3863796154844042, 'fan_speed_rpm': 1500.0} | Cmd RPM: 1500.0
2026-09-17 11:28:52,999 - DigitalTwin - INFO - Scenario: sensor_spike | True: {'co2_ppm': 420.05221968157446, 'temperature_c': 25.0, 'humidity_percent': 50.0, 'gas_flow_l_min': 375.0, 'captured_co2_g': 0.39016008546153835, 'fan_speed_rpm': 1500.0} | Cmd RPM: 1500.0
2026-09-17 11:28:54,001 - DigitalTwin - INFO - Scenario: sensor_spike | True: {'co2_ppm': 420.05743754450896, 'temperature_c': 25.0, 'humidity_percent': 50.0, 'gas_flow_l_min': 375.0, 'captured_co2_g': 0.39394060239943895, 'fan_speed_rpm': 1500.0} | Cmd RPM: 1500.0
2026-09-17 11:28:55,002 - DigitalTwin - INFO - Scenario: sensor_spike | True: {'co2_ppm': 420.06191645930267, 'temperature_c': 25.0, 'humidity_percent': 50.0, 'gas_flow_l_min': 375.0, 'captured_co2_g': 0.39772115964757265, 'fan_speed_rpm': 1500.0} | Cmd RPM: 1500.0
2026-09-17 11:28:56,003 - DigitalTwin - INFO - Scenario: sensor_spike | True: {'co2_ppm': 419.7249862838012, 'temperature_c': 25.0, 'humidity_percent': 50.0, 'gas_flow_l_min': 375.0, 'captured_co2_g': 0.40149868452412685, 'fan_speed_rpm': 1500.0} | Cmd RPM: 1500.0
2026-09-17 11:28:57,004 - DigitalTwin - INFO - Scenario: sensor_spike | True: {'co2_ppm': 419.44295672463284, 'temperature_c': 25.0, 'humidity_percent': 50.0, 'gas_flow_l_min': 375.0, 'captured_co2_g': 0.4052736711346485, 'fan_speed_rpm': 1500.0} | Cmd RPM: 1500.0
2026-09-17 11:28:58,008 - DigitalTwin - INFO - Scenario: sensor_spike | True: {'co2_ppm': 419.66577537537495, 'temperature_c': 25.0, 'humidity_percent': 50.0, 'gas_flow_l_min': 375.0, 'captured_co2_g': 0.4090506631130269, 'fan_speed_rpm': 1500.0} | Cmd RPM: 1500.0
2026-09-17 11:28:59,010 - DigitalTwin - INFO - Scenario: sensor_spike | True: {'co2_ppm': 419.2426552373845, 'temperature_c': 25.0, 'humidity_percent': 50.0, 'gas_flow_l_min': 375.0, 'captured_co2_g': 0.41282384701016334, 'fan_speed_rpm': 1500.0} | Cmd RPM: 1500.0
2026-09-17 11:29:00,011 - DigitalTwin - INFO - Scenario: sensor_spike | True: {'co2_ppm': 419.23960414626583, 'temperature_c': 25.0, 'humidity_percent': 50.0, 'gas_flow_l_min': 375.0, 'captured_co2_g': 0.41659700344747974, 'fan_speed_rpm': 1500.0} | Cmd RPM: 1500.0
2026-09-17 11:29:01,013 - DigitalTwin - INFO - Scenario: sensor_spike | True: {'co2_ppm': 419.1242571113014, 'temperature_c': 25.0, 'humidity_percent': 50.0, 'gas_flow_l_min': 375.0, 'captured_co2_g': 0.42036912176148145, 'fan_speed_rpm': 1500.0} | Cmd RPM: 1500.0
2026-09-17 11:29:02,014 - DigitalTwin - INFO - Scenario: sensor_spike | True: {'co2_ppm': 418.9938723519731, 'temperature_c': 25.0, 'humidity_percent': 50.0, 'gas_flow_l_min': 375.0, 'captured_co2_g': 0.4241400666126492, 'fan_speed_rpm': 1500.0} | Cmd RPM: 1500.0
2026-09-17 11:29:03,015 - DigitalTwin - INFO - Scenario: sensor_spike | True: {'co2_ppm': 419.4440613782157, 'temperature_c': 25.0, 'humidity_percent': 50.0, 'gas_flow_l_min': 375.0, 'captured_co2_g': 0.4279150631650531, 'fan_speed_rpm': 1500.0} | Cmd RPM: 1500.0
2026-09-17 11:29:04,016 - DigitalTwin - INFO - Scenario: sensor_spike | True: {'co2_ppm': 419.4183529333835, 'temperature_c': 25.0, 'humidity_percent': 50.0, 'gas_flow_l_min': 375.0, 'captured_co2_g': 0.4316898283414536, 'fan_speed_rpm': 1500.0} | Cmd RPM: 1500.0
2026-09-17 11:29:05,017 - DigitalTwin - INFO - Scenario: sensor_spike | True: {'co2_ppm': 419.11072659262874, 'temperature_c': 25.0, 'humidity_percent': 50.0, 'gas_flow_l_min': 375.0, 'captured_co2_g': 0.4354618248807872, 'fan_speed_rpm': 1500.0} | Cmd RPM: 1500.0
2026-09-17 11:29:06,018 - DigitalTwin - INFO - Scenario: sensor_spike | True: {'co2_ppm': 419.2689151131079, 'temperature_c': 25.0, 'humidity_percent': 50.0, 'gas_flow_l_min': 375.0, 'captured_co2_g': 0.4392352451168052, 'fan_speed_rpm': 1500.0} | Cmd RPM: 1500.0
2026-09-17 11:29:07,019 - DigitalTwin - INFO - Scenario: sensor_spike | True: {'co2_ppm': 418.8393969173346, 'temperature_c': 25.0, 'humidity_percent': 50.0, 'gas_flow_l_min': 375.0, 'captured_co2_g': 0.4430047996890612, 'fan_speed_rpm': 1500.0} | Cmd RPM: 1500.0
2026-09-17 11:29:08,020 - DigitalTwin - INFO - Scenario: sensor_spike | True: {'co2_ppm': 418.980620191338, 'temperature_c': 25.0, 'humidity_percent': 50.0, 'gas_flow_l_min': 375.0, 'captured_co2_g': 0.44677562527078324, 'fan_speed_rpm': 1500.0} | Cmd RPM: 1500.0
2026-09-17 11:29:09,020 - DigitalTwin - INFO - Scenario: sensor_spike | True: {'co2_ppm': 419.01563683977736, 'temperature_c': 25.0, 'humidity_percent': 50.0, 'gas_flow_l_min': 375.0, 'captured_co2_g': 0.4505467660023412, 'fan_speed_rpm': 1500.0} | Cmd RPM: 1500.0
2026-09-17 11:29:10,022 - DigitalTwin - INFO - Scenario: sensor_spike | True: {'co2_ppm': 419.21517332292075, 'temperature_c': 25.0, 'humidity_percent': 50.0, 'gas_flow_l_min': 375.0, 'captured_co2_g': 0.4543197025622475, 'fan_speed_rpm': 1500.0} | Cmd RPM: 1500.0
2026-09-17 11:29:11,023 - DigitalTwin - INFO - Scenario: sensor_spike | True: {'co2_ppm': 419.2513055789724, 'temperature_c': 25.0, 'humidity_percent': 50.0, 'gas_flow_l_min': 375.0, 'captured_co2_g': 0.4580929643124583, 'fan_speed_rpm': 1500.0} | Cmd RPM: 1500.0
2026-09-17 11:29:12,025 - DigitalTwin - INFO - Scenario: sensor_spike | True: {'co2_ppm': 419.40358690499755, 'temperature_c': 25.0, 'humidity_percent': 50.0, 'gas_flow_l_min': 375.0, 'captured_co2_g': 0.46186759659460325, 'fan_speed_rpm': 1500.0} | Cmd RPM: 1500.0
2026-09-17 11:29:13,026 - DigitalTwin - INFO - Scenario: sensor_spike | True: {'co2_ppm': 419.5724311381937, 'temperature_c': 25.0, 'humidity_percent': 50.0, 'gas_flow_l_min': 375.0, 'captured_co2_g': 0.46564374847484696, 'fan_speed_rpm': 1500.0} | Cmd RPM: 1500.0
2026-09-17 11:29:14,027 - DigitalTwin - INFO - Scenario: sensor_spike | True: {'co2_ppm': 419.82891640297544, 'temperature_c': 25.0, 'humidity_percent': 50.0, 'gas_flow_l_min': 375.0, 'captured_co2_g': 0.46942220872247375, 'fan_speed_rpm': 1500.0} | Cmd RPM: 1500.0
2026-09-17 11:29:15,028 - DigitalTwin - INFO - Scenario: sensor_spike | True: {'co2_ppm': 420.15141957141566, 'temperature_c': 25.0, 'humidity_percent': 50.0, 'gas_flow_l_min': 375.0, 'captured_co2_g': 0.47320357149861647, 'fan_speed_rpm': 1500.0} | Cmd RPM: 1500.0
2026-09-17 11:29:16,029 - DigitalTwin - INFO - Scenario: sensor_spike | True: {'co2_ppm': 419.77825981492214, 'temperature_c': 25.0, 'humidity_percent': 50.0, 'gas_flow_l_min': 375.0, 'captured_co2_g': 0.4769815758369508, 'fan_speed_rpm': 1500.0} | Cmd RPM: 1500.0
2026-09-17 11:29:17,030 - DigitalTwin - INFO - Scenario: sensor_spike | True: {'co2_ppm': 420.233253084111, 'temperature_c': 25.0, 'humidity_percent': 50.0, 'gas_flow_l_min': 375.0, 'captured_co2_g': 0.4807636751147078, 'fan_speed_rpm': 1500.0} | Cmd RPM: 1500.0
2026-09-17 11:29:18,031 - DigitalTwin - INFO - Scenario: sensor_spike | True: {'co2_ppm': 420.3857773926855, 'temperature_c': 25.0, 'humidity_percent': 50.0, 'gas_flow_l_min': 375.0, 'captured_co2_g': 0.48454714711124197, 'fan_speed_rpm': 1500.0} | Cmd RPM: 1500.0
2026-09-17 11:29:19,033 - DigitalTwin - INFO - Scenario: sensor_spike | True: {'co2_ppm': 419.9152619402154, 'temperature_c': 25.0, 'humidity_percent': 50.0, 'gas_flow_l_min': 375.0, 'captured_co2_g': 0.4883263844687039, 'fan_speed_rpm': 1500.0} | Cmd RPM: 1500.0
2026-09-17 11:29:20,034 - DigitalTwin - INFO - Scenario: sensor_spike | True: {'co2_ppm': 420.3084170997111, 'temperature_c': 25.0, 'humidity_percent': 50.0, 'gas_flow_l_min': 375.0, 'captured_co2_g': 0.4921091602226013, 'fan_speed_rpm': 1500.0} | Cmd RPM: 1500.0
2026-09-17 11:29:21,035 - DigitalTwin - INFO - Scenario: sensor_spike | True: {'co2_ppm': 419.9103286434163, 'temperature_c': 25.0, 'humidity_percent': 50.0, 'gas_flow_l_min': 375.0, 'captured_co2_g': 0.49588835318039204, 'fan_speed_rpm': 1500.0} | Cmd RPM: 1500.0
2026-09-17 11:29:22,036 - DigitalTwin - INFO - Scenario: sensor_spike | True: {'co2_ppm': 419.83798262698946, 'temperature_c': 25.0, 'humidity_percent': 50.0, 'gas_flow_l_min': 375.0, 'captured_co2_g': 0.49966689502403494, 'fan_speed_rpm': 1500.0} | Cmd RPM: 1500.0
2026-09-17 11:29:23,037 - DigitalTwin - INFO - Scenario: sensor_spike | True: {'co2_ppm': 420.27502894475197, 'temperature_c': 25.0, 'humidity_percent': 50.0, 'gas_flow_l_min': 375.0, 'captured_co2_g': 0.5034493702845377, 'fan_speed_rpm': 1500.0} | Cmd RPM: 1500.0
2026-09-17 11:29:24,039 - DigitalTwin - INFO - Scenario: sensor_spike | True: {'co2_ppm': 420.43767374972157, 'temperature_c': 25.0, 'humidity_percent': 50.0, 'gas_flow_l_min': 375.0, 'captured_co2_g': 0.5072333093482853, 'fan_speed_rpm': 1500.0} | Cmd RPM: 1500.0
2026-09-17 11:29:25,041 - DigitalTwin - INFO - Scenario: sensor_spike | True: {'co2_ppm': 420.746421591276, 'temperature_c': 25.0, 'humidity_percent': 50.0, 'gas_flow_l_min': 375.0, 'captured_co2_g': 0.5110200271426067, 'fan_speed_rpm': 1500.0} | Cmd RPM: 1500.0
2026-09-17 11:29:26,042 - DigitalTwin - INFO - Scenario: sensor_spike | True: {'co2_ppm': 420.465490964018, 'temperature_c': 25.0, 'humidity_percent': 50.0, 'gas_flow_l_min': 375.0, 'captured_co2_g': 0.514804216561283, 'fan_speed_rpm': 1500.0} | Cmd RPM: 1500.0
2026-09-17 11:29:27,044 - DigitalTwin - INFO - Scenario: sensor_spike | True: {'co2_ppm': 420.7934270712482, 'temperature_c': 25.0, 'humidity_percent': 50.0, 'gas_flow_l_min': 375.0, 'captured_co2_g': 0.5185913574049241, 'fan_speed_rpm': 1500.0} | Cmd RPM: 1500.0
2026-09-17 11:29:28,045 - DigitalTwin - INFO - Scenario: sensor_spike | True: {'co2_ppm': 420.40224824255705, 'temperature_c': 25.0, 'humidity_percent': 50.0, 'gas_flow_l_min': 375.0, 'captured_co2_g': 0.5223749776391071, 'fan_speed_rpm': 1500.0} | Cmd RPM: 1500.0
2026-09-17 11:29:29,047 - DigitalTwin - INFO - Scenario: sensor_spike | True: {'co2_ppm': 420.13317085621514, 'temperature_c': 25.0, 'humidity_percent': 50.0, 'gas_flow_l_min': 375.0, 'captured_co2_g': 0.5261561761768131, 'fan_speed_rpm': 1500.0} | Cmd RPM: 1500.0
2026-09-17 11:29:30,048 - DigitalTwin - INFO - Scenario: sensor_spike | True: {'co2_ppm': 420.10394598055643, 'temperature_c': 25.0, 'humidity_percent': 50.0, 'gas_flow_l_min': 375.0, 'captured_co2_g': 0.5299371116906381, 'fan_speed_rpm': 1500.0} | Cmd RPM: 1500.0
2026-09-17 11:29:31,051 - DigitalTwin - INFO - Scenario: sensor_spike | True: {'co2_ppm': 420.36781432771, 'temperature_c': 25.0, 'humidity_percent': 50.0, 'gas_flow_l_min': 375.0, 'captured_co2_g': 0.5337204220195875, 'fan_speed_rpm': 1500.0} | Cmd RPM: 1500.0
2026-09-17 11:29:32,053 - DigitalTwin - INFO - Scenario: sensor_spike | True: {'co2_ppm': 420.25596000311145, 'temperature_c': 25.0, 'humidity_percent': 50.0, 'gas_flow_l_min': 375.0, 'captured_co2_g': 0.5375027256596154, 'fan_speed_rpm': 1500.0} | Cmd RPM: 1500.0
2026-09-17 11:29:33,053 - DigitalTwin - INFO - Scenario: sensor_spike | True: {'co2_ppm': 419.83056012461, 'temperature_c': 25.0, 'humidity_percent': 50.0, 'gas_flow_l_min': 375.0, 'captured_co2_g': 0.5412812007007369, 'fan_speed_rpm': 1500.0} | Cmd RPM: 1500.0
2026-09-17 11:29:34,055 - DigitalTwin - INFO - Scenario: sensor_spike | True: {'co2_ppm': 419.7950617650762, 'temperature_c': 25.0, 'humidity_percent': 50.0, 'gas_flow_l_min': 375.0, 'captured_co2_g': 0.5450593562566226, 'fan_speed_rpm': 1500.0} | Cmd RPM: 1500.0
2026-09-17 11:29:35,056 - DigitalTwin - INFO - Scenario: sensor_spike | True: {'co2_ppm': 420.0151065976471, 'temperature_c': 25.0, 'humidity_percent': 50.0, 'gas_flow_l_min': 375.0, 'captured_co2_g': 0.5488394922160015, 'fan_speed_rpm': 1500.0} | Cmd RPM: 1500.0
2026-09-17 11:29:36,057 - DigitalTwin - INFO - Scenario: sensor_spike | True: {'co2_ppm': 419.6296828150766, 'temperature_c': 25.0, 'humidity_percent': 50.0, 'gas_flow_l_min': 375.0, 'captured_co2_g': 0.5526161593613371, 'fan_speed_rpm': 1500.0} | Cmd RPM: 1500.0
2026-09-17 11:29:37,059 - DigitalTwin - INFO - Scenario: sensor_spike | True: {'co2_ppm': 419.9633819683739, 'temperature_c': 25.0, 'humidity_percent': 50.0, 'gas_flow_l_min': 375.0, 'captured_co2_g': 0.5563958297990524, 'fan_speed_rpm': 1500.0} | Cmd RPM: 1500.0
2026-09-17 11:29:38,061 - DigitalTwin - INFO - Scenario: sensor_spike | True: {'co2_ppm': 420.0237199632477, 'temperature_c': 25.0, 'humidity_percent': 50.0, 'gas_flow_l_min': 375.0, 'captured_co2_g': 0.5601760432787217, 'fan_speed_rpm': 1500.0} | Cmd RPM: 1500.0
2026-09-17 11:29:39,062 - DigitalTwin - INFO - Scenario: sensor_spike | True: {'co2_ppm': 420.23254160989416, 'temperature_c': 25.0, 'humidity_percent': 50.0, 'gas_flow_l_min': 375.0, 'captured_co2_g': 0.5639581361532108, 'fan_speed_rpm': 1500.0} | Cmd RPM: 1500.0
2026-09-17 11:29:40,064 - DigitalTwin - INFO - Scenario: sensor_spike | True: {'co2_ppm': 419.95894715505165, 'temperature_c': 25.0, 'humidity_percent': 50.0, 'gas_flow_l_min': 375.0, 'captured_co2_g': 0.5677377666776062, 'fan_speed_rpm': 1500.0} | Cmd RPM: 1500.0
2026-09-17 11:29:41,066 - DigitalTwin - INFO - Scenario: sensor_spike | True: {'co2_ppm': 420.288897200561, 'temperature_c': 25.0, 'humidity_percent': 50.0, 'gas_flow_l_min': 375.0, 'captured_co2_g': 0.5715203667524112, 'fan_speed_rpm': 1500.0} | Cmd RPM: 1500.0
2026-09-17 11:29:42,067 - DigitalTwin - INFO - Scenario: sensor_spike | True: {'co2_ppm': 420.5874400909946, 'temperature_c': 25.0, 'humidity_percent': 50.0, 'gas_flow_l_min': 375.0, 'captured_co2_g': 0.5753056537132302, 'fan_speed_rpm': 1500.0} | Cmd RPM: 1500.0
2026-09-17 11:29:43,069 - DigitalTwin - INFO - Scenario: sensor_spike | True: {'co2_ppm': 420.9094376576545, 'temperature_c': 25.0, 'humidity_percent': 50.0, 'gas_flow_l_min': 375.0, 'captured_co2_g': 0.579093838652149, 'fan_speed_rpm': 1500.0} | Cmd RPM: 1500.0
2026-09-17 11:29:44,071 - DigitalTwin - INFO - Scenario: sensor_spike | True: {'co2_ppm': 420.59334201080367, 'temperature_c': 25.0, 'humidity_percent': 50.0, 'gas_flow_l_min': 375.0, 'captured_co2_g': 0.5828791787302463, 'fan_speed_rpm': 1500.0} | Cmd RPM: 1500.0
2026-09-17 11:29:45,072 - DigitalTwin - INFO - Scenario: sensor_spike | True: {'co2_ppm': 420.1693840982418, 'temperature_c': 25.0, 'humidity_percent': 50.0, 'gas_flow_l_min': 375.0, 'captured_co2_g': 0.5866607031871305, 'fan_speed_rpm': 1500.0} | Cmd RPM: 1500.0
2026-09-17 11:29:46,075 - DigitalTwin - INFO - Scenario: sensor_spike | True: {'co2_ppm': 420.14729351297615, 'temperature_c': 25.0, 'humidity_percent': 50.0, 'gas_flow_l_min': 375.0, 'captured_co2_g': 0.5904420288287473, 'fan_speed_rpm': 1500.0} | Cmd RPM: 1500.0
2026-09-17 11:29:47,076 - DigitalTwin - INFO - Scenario: sensor_spike | True: {'co2_ppm': 420.30949077934946, 'temperature_c': 25.0, 'humidity_percent': 50.0, 'gas_flow_l_min': 375.0, 'captured_co2_g': 0.5942248142457615, 'fan_speed_rpm': 1500.0} | Cmd RPM: 1500.0
2026-09-17 11:29:48,077 - DigitalTwin - INFO - Scenario: sensor_spike | True: {'co2_ppm': 420.1053646342995, 'temperature_c': 25.0, 'humidity_percent': 50.0, 'gas_flow_l_min': 375.0, 'captured_co2_g': 0.5980057625274702, 'fan_speed_rpm': 1500.0} | Cmd RPM: 1500.0
2026-09-17 11:29:49,079 - DigitalTwin - INFO - Scenario: sensor_spike | True: {'co2_ppm': 419.79200646436664, 'temperature_c': 25.0, 'humidity_percent': 50.0, 'gas_flow_l_min': 375.0, 'captured_co2_g': 0.6017838905856495, 'fan_speed_rpm': 1500.0} | Cmd RPM: 1500.0
2026-09-17 11:29:50,079 - DigitalTwin - INFO - Scenario: sensor_spike | True: {'co2_ppm': 420.1460822850698, 'temperature_c': 25.0, 'humidity_percent': 50.0, 'gas_flow_l_min': 375.0, 'captured_co2_g': 0.6055652053262152, 'fan_speed_rpm': 1500.0} | Cmd RPM: 1500.0
2026-09-17 11:29:51,081 - DigitalTwin - INFO - Scenario: sensor_spike | True: {'co2_ppm': 420.3378021843068, 'temperature_c': 25.0, 'humidity_percent': 50.0, 'gas_flow_l_min': 375.0, 'captured_co2_g': 0.609348245545874, 'fan_speed_rpm': 1500.0} | Cmd RPM: 1500.0
2026-09-17 11:29:52,082 - DigitalTwin - INFO - Scenario: sensor_spike | True: {'co2_ppm': 420.6363366925096, 'temperature_c': 25.0, 'humidity_percent': 50.0, 'gas_flow_l_min': 375.0, 'captured_co2_g': 0.6131339725761066, 'fan_speed_rpm': 1500.0} | Cmd RPM: 1500.0
2026-09-17 11:29:53,084 - DigitalTwin - INFO - Scenario: sensor_spike | True: {'co2_ppm': 420.50549821990046, 'temperature_c': 25.0, 'humidity_percent': 50.0, 'gas_flow_l_min': 375.0, 'captured_co2_g': 0.6169185220600857, 'fan_speed_rpm': 1500.0} | Cmd RPM: 1500.0
2026-09-17 11:29:54,086 - DigitalTwin - INFO - Scenario: sensor_spike | True: {'co2_ppm': 420.48967776811224, 'temperature_c': 25.0, 'humidity_percent': 50.0, 'gas_flow_l_min': 375.0, 'captured_co2_g': 0.6207029291599987, 'fan_speed_rpm': 1500.0} | Cmd RPM: 1500.0
2026-09-17 11:29:55,087 - DigitalTwin - INFO - Scenario: sensor_spike | True: {'co2_ppm': 420.12931588707045, 'temperature_c': 25.0, 'humidity_percent': 50.0, 'gas_flow_l_min': 375.0, 'captured_co2_g': 0.6244840930029824, 'fan_speed_rpm': 1500.0} | Cmd RPM: 1500.0
2026-09-17 11:29:56,088 - DigitalTwin - INFO - Scenario: sensor_spike | True: {'co2_ppm': 420.1172612664834, 'temperature_c': 25.0, 'humidity_percent': 50.0, 'gas_flow_l_min': 375.0, 'captured_co2_g': 0.6282651483543807, 'fan_speed_rpm': 1500.0} | Cmd RPM: 1500.0
2026-09-17 11:29:57,089 - DigitalTwin - INFO - Scenario: sensor_spike | True: {'co2_ppm': 420.2296938936291, 'temperature_c': 25.0, 'humidity_percent': 50.0, 'gas_flow_l_min': 375.0, 'captured_co2_g': 0.6320472155994235, 'fan_speed_rpm': 1500.0} | Cmd RPM: 1500.0
2026-09-17 11:29:58,090 - DigitalTwin - INFO - Scenario: sensor_spike | True: {'co2_ppm': 420.0041491830595, 'temperature_c': 25.0, 'humidity_percent': 50.0, 'gas_flow_l_min': 375.0, 'captured_co2_g': 0.635827252942071, 'fan_speed_rpm': 1500.0} | Cmd RPM: 1500.0
2026-09-17 11:29:59,092 - DigitalTwin - INFO - Scenario: sensor_spike | True: {'co2_ppm': 419.60183617502133, 'temperature_c': 25.0, 'humidity_percent': 50.0, 'gas_flow_l_min': 375.0, 'captured_co2_g': 0.6396036694676461, 'fan_speed_rpm': 1500.0} | Cmd RPM: 1500.0
2026-09-17 11:30:00,093 - DigitalTwin - INFO - Scenario: sensor_spike | True: {'co2_ppm': 419.8989712736724, 'temperature_c': 25.0, 'humidity_percent': 50.0, 'gas_flow_l_min': 375.0, 'captured_co2_g': 0.6433827602091092, 'fan_speed_rpm': 1500.0} | Cmd RPM: 1500.0
2026-09-17 11:30:01,093 - DigitalTwin - INFO - Scenario: sensor_spike | True: {'co2_ppm': 419.5723407328496, 'temperature_c': 25.0, 'humidity_percent': 50.0, 'gas_flow_l_min': 375.0, 'captured_co2_g': 0.6471589112757049, 'fan_speed_rpm': 1500.0} | Cmd RPM: 1500.0
2026-09-17 11:30:02,096 - DigitalTwin - INFO - Scenario: sensor_spike | True: {'co2_ppm': 419.28265466207165, 'temperature_c': 25.0, 'humidity_percent': 50.0, 'gas_flow_l_min': 375.0, 'captured_co2_g': 0.6509324551676635, 'fan_speed_rpm': 1500.0} | Cmd RPM: 1500.0
2026-09-17 11:30:03,098 - DigitalTwin - INFO - Scenario: sensor_spike | True: {'co2_ppm': 419.11227082865173, 'temperature_c': 25.0, 'humidity_percent': 50.0, 'gas_flow_l_min': 375.0, 'captured_co2_g': 0.6547044656051214, 'fan_speed_rpm': 1500.0} | Cmd RPM: 1500.0
2026-09-17 11:30:04,099 - DigitalTwin - INFO - Scenario: sensor_spike | True: {'co2_ppm': 418.7714379373585, 'temperature_c': 25.0, 'humidity_percent': 50.0, 'gas_flow_l_min': 375.0, 'captured_co2_g': 0.6584734085465577, 'fan_speed_rpm': 1500.0} | Cmd RPM: 1500.0
2026-09-17 11:30:05,101 - DigitalTwin - INFO - Scenario: sensor_spike | True: {'co2_ppm': 418.6745599747481, 'temperature_c': 25.0, 'humidity_percent': 50.0, 'gas_flow_l_min': 375.0, 'captured_co2_g': 0.6622414795863304, 'fan_speed_rpm': 1500.0} | Cmd RPM: 1500.0
2026-09-17 11:30:06,102 - DigitalTwin - INFO - Scenario: sensor_spike | True: {'co2_ppm': 418.8311211427547, 'temperature_c': 25.0, 'humidity_percent': 50.0, 'gas_flow_l_min': 375.0, 'captured_co2_g': 0.6660109596766152, 'fan_speed_rpm': 1500.0} | Cmd RPM: 1500.0
2026-09-17 11:30:07,103 - DigitalTwin - INFO - Scenario: sensor_spike | True: {'co2_ppm': 419.20207610986665, 'temperature_c': 25.0, 'humidity_percent': 50.0, 'gas_flow_l_min': 375.0, 'captured_co2_g': 0.669783778361604, 'fan_speed_rpm': 1500.0} | Cmd RPM: 1500.0
2026-09-17 11:30:08,106 - DigitalTwin - INFO - Scenario: sensor_spike | True: {'co2_ppm': 419.1114400899063, 'temperature_c': 25.0, 'humidity_percent': 50.0, 'gas_flow_l_min': 375.0, 'captured_co2_g': 0.6735557813224131, 'fan_speed_rpm': 1500.0} | Cmd RPM: 1500.0
2026-09-17 11:30:09,107 - DigitalTwin - INFO - Scenario: sensor_spike | True: {'co2_ppm': 418.75417491549683, 'temperature_c': 25.0, 'humidity_percent': 50.0, 'gas_flow_l_min': 375.0, 'captured_co2_g': 0.6773245688966526, 'fan_speed_rpm': 1500.0} | Cmd RPM: 1500.0
2026-09-17 11:30:10,109 - DigitalTwin - INFO - Scenario: sensor_spike | True: {'co2_ppm': 418.6613923230881, 'temperature_c': 25.0, 'humidity_percent': 50.0, 'gas_flow_l_min': 375.0, 'captured_co2_g': 0.6810925214275604, 'fan_speed_rpm': 1500.0} | Cmd RPM: 1500.0
2026-09-17 11:30:11,110 - DigitalTwin - INFO - Scenario: sensor_spike | True: {'co2_ppm': 419.021914240591, 'temperature_c': 25.0, 'humidity_percent': 50.0, 'gas_flow_l_min': 375.0, 'captured_co2_g': 0.6848637186557257, 'fan_speed_rpm': 1500.0} | Cmd RPM: 1500.0
2026-09-17 11:30:12,111 - DigitalTwin - INFO - Scenario: sensor_spike | True: {'co2_ppm': 418.8665000644966, 'temperature_c': 25.0, 'humidity_percent': 50.0, 'gas_flow_l_min': 375.0, 'captured_co2_g': 0.6886335171563062, 'fan_speed_rpm': 1500.0} | Cmd RPM: 1500.0
2026-09-17 11:30:13,113 - DigitalTwin - INFO - Scenario: sensor_spike | True: {'co2_ppm': 419.2415327843612, 'temperature_c': 25.0, 'humidity_percent': 50.0, 'gas_flow_l_min': 375.0, 'captured_co2_g': 0.6924066909513654, 'fan_speed_rpm': 1500.0} | Cmd RPM: 1500.0
2026-09-17 11:30:14,114 - DigitalTwin - INFO - Scenario: sensor_spike | True: {'co2_ppm': 419.3055429441816, 'temperature_c': 25.0, 'humidity_percent': 50.0, 'gas_flow_l_min': 375.0, 'captured_co2_g': 0.696180440837863, 'fan_speed_rpm': 1500.0} | Cmd RPM: 1500.0
2026-09-17 11:30:15,116 - DigitalTwin - INFO - Scenario: sensor_spike | True: {'co2_ppm': 419.69567689477213, 'temperature_c': 25.0, 'humidity_percent': 50.0, 'gas_flow_l_min': 375.0, 'captured_co2_g': 0.6999577019299159, 'fan_speed_rpm': 1500.0} | Cmd RPM: 1500.0
2026-09-17 11:30:16,117 - DigitalTwin - INFO - Scenario: sensor_spike | True: {'co2_ppm': 419.4950447846453, 'temperature_c': 25.0, 'humidity_percent': 50.0, 'gas_flow_l_min': 375.0, 'captured_co2_g': 0.7037331573329777, 'fan_speed_rpm': 1500.0} | Cmd RPM: 1500.0
2026-09-17 11:30:17,118 - DigitalTwin - INFO - Scenario: sensor_spike | True: {'co2_ppm': 419.37739836964477, 'temperature_c': 25.0, 'humidity_percent': 50.0, 'gas_flow_l_min': 375.0, 'captured_co2_g': 0.7075075539183046, 'fan_speed_rpm': 1500.0} | Cmd RPM: 1500.0
2026-09-17 11:30:18,120 - DigitalTwin - INFO - Scenario: sensor_spike | True: {'co2_ppm': 418.96030661941427, 'temperature_c': 25.0, 'humidity_percent': 50.0, 'gas_flow_l_min': 375.0, 'captured_co2_g': 0.7112781966778793, 'fan_speed_rpm': 1500.0} | Cmd RPM: 1500.0
2026-09-17 11:30:19,121 - DigitalTwin - INFO - Scenario: sensor_spike | True: {'co2_ppm': 419.32556479243874, 'temperature_c': 25.0, 'humidity_percent': 50.0, 'gas_flow_l_min': 375.0, 'captured_co2_g': 0.7150521267610113, 'fan_speed_rpm': 1500.0} | Cmd RPM: 1500.0
2026-09-17 11:30:20,122 - DigitalTwin - INFO - Scenario: sensor_spike | True: {'co2_ppm': 419.12741428483196, 'temperature_c': 25.0, 'humidity_percent': 50.0, 'gas_flow_l_min': 375.0, 'captured_co2_g': 0.7188242734895748, 'fan_speed_rpm': 1500.0} | Cmd RPM: 1500.0
