2026-09-17 12:02:16,976 - DigitalTwin - INFO - Scenario: startup | True: {'co2_ppm': 420.132455458535, 'temperature_c': 25.0, 'humidity_percent': 50.0, 'gas_flow_l_min': 250.0, 'captured_co2_g': 0.0025207947327512106, 'fan_speed_rpm': 1000.0} | Cmd RPM: 1000.0
2026-09-17 12:02:17,977 - DigitalTwin - INFO - Scenario: startup | True: {'co2_ppm': 419.7334245766062, 'temperature_c': 25.0, 'humidity_percent': 50.0, 'gas_flow_l_min': 250.0, 'captured_co2_g': 0.005039195280210847, 'fan_speed_rpm': 1000.0} | Cmd RPM: 1000.0
2026-09-17 12:02:18,978 - DigitalTwin - INFO - Scenario: startup | True: {'co2_ppm': 419.88914356366644, 'temperature_c': 25.0, 'humidity_percent': 50.0, 'gas_flow_l_min': 250.0, 'captured_co2_g': 0.007558530141592846, 'fan_speed_rpm': 1000.0} | Cmd RPM: 1000.0
2026-09-17 12:02:19,981 - DigitalTwin - INFO - Scenario: startup | True: {'co2_ppm': 420.08291881072194, 'temperature_c': 25.0, 'humidity_percent': 50.0, 'gas_flow_l_min': 250.0, 'captured_co2_g': 0.010079027654457179, 'fan_speed_rpm': 1000.0} | Cmd RPM: 1000.0
2026-09-17 12:02:20,982 - DigitalTwin - INFO - Scenario: startup | True: {'co2_ppm': 420.4088925182159, 'temperature_c': 25.0, 'humidity_percent': 50.0, 'gas_flow_l_min': 250.0, 'captured_co2_g': 0.012601481009566474, 'fan_speed_rpm': 1000.0} | Cmd RPM: 1000.0
2026-09-17 12:02:21,982 - DigitalTwin - INFO - Scenario: startup | True: {'co2_ppm': 420.4378864920146, 'temperature_c': 25.0, 'humidity_percent': 50.0, 'gas_flow_l_min': 250.0, 'captured_co2_g': 0.015124108328518562, 'fan_speed_rpm': 1000.0} | Cmd RPM: 1000.0
2026-09-17 12:02:22,983 - DigitalTwin - INFO - Scenario: startup | True: {'co2_ppm': 420.15749552928287, 'temperature_c': 25.0, 'humidity_percent': 50.0, 'gas_flow_l_min': 250.0, 'captured_co2_g': 0.01764505330169426, 'fan_speed_rpm': 1000.0} | Cmd RPM: 1000.0
2026-09-17 12:02:23,984 - DigitalTwin - INFO - Scenario: startup | True: {'co2_ppm': 420.02121132284026, 'temperature_c': 25.0, 'humidity_percent': 50.0, 'gas_flow_l_min': 250.0, 'captured_co2_g': 0.020165180569631302, 'fan_speed_rpm': 1000.0} | Cmd RPM: 1000.0
2026-09-17 12:02:24,985 - DigitalTwin - INFO - Scenario: startup | True: {'co2_ppm': 419.70773247248644, 'temperature_c': 25.0, 'humidity_percent': 50.0, 'gas_flow_l_min': 250.0, 'captured_co2_g': 0.022683426964466222, 'fan_speed_rpm': 1000.0} | Cmd RPM: 1000.0
2026-09-17 12:02:25,986 - DigitalTwin - INFO - Scenario: startup | True: {'co2_ppm': 419.8977293873025, 'temperature_c': 25.0, 'humidity_percent': 50.0, 'gas_flow_l_min': 250.0, 'captured_co2_g': 0.025202813340790036, 'fan_speed_rpm': 1000.0} | Cmd RPM: 1000.0
2026-09-17 12:02:26,988 - DigitalTwin - INFO - Scenario: normal | True: {'co2_ppm': 419.72543370140704, 'temperature_c': 25.0, 'humidity_percent': 50.0, 'gas_flow_l_min': 375.0, 'captured_co2_g': 0.0289803422441027, 'fan_speed_rpm': 1500.0} | Cmd RPM: 1500.0
2026-09-17 12:02:27,988 - DigitalTwin - INFO - Scenario: normal | True: {'co2_ppm': 419.7000712762947, 'temperature_c': 25.0, 'humidity_percent': 50.0, 'gas_flow_l_min': 375.0, 'captured_co2_g': 0.032757642885589355, 'fan_speed_rpm': 1500.0} | Cmd RPM: 1500.0
2026-09-17 12:02:28,989 - DigitalTwin - INFO - Scenario: normal | True: {'co2_ppm': 419.6194981923634, 'temperature_c': 25.0, 'humidity_percent': 50.0, 'gas_flow_l_min': 375.0, 'captured_co2_g': 0.03653421836932062, 'fan_speed_rpm': 1500.0} | Cmd RPM: 1500.0
2026-09-17 12:02:29,990 - DigitalTwin - INFO - Scenario: normal | True: {'co2_ppm': 419.75959702236315, 'temperature_c': 25.0, 'humidity_percent': 50.0, 'gas_flow_l_min': 375.0, 'captured_co2_g': 0.04031205474252189, 'fan_speed_rpm': 1500.0} | Cmd RPM: 1500.0
2026-09-17 12:02:30,991 - DigitalTwin - INFO - Scenario: normal | True: {'co2_ppm': 420.2191416299779, 'temperature_c': 25.0, 'humidity_percent': 50.0, 'gas_flow_l_min': 375.0, 'captured_co2_g': 0.04409402701719169, 'fan_speed_rpm': 1500.0} | Cmd RPM: 1500.0
2026-09-17 12:02:31,992 - DigitalTwin - INFO - Scenario: normal | True: {'co2_ppm': 420.3420982571298, 'temperature_c': 25.0, 'humidity_percent': 50.0, 'gas_flow_l_min': 375.0, 'captured_co2_g': 0.04787710590150586, 'fan_speed_rpm': 1500.0} | Cmd RPM: 1500.0
2026-09-17 12:02:32,994 - DigitalTwin - INFO - Scenario: normal | True: {'co2_ppm': 420.3255501516711, 'temperature_c': 25.0, 'humidity_percent': 50.0, 'gas_flow_l_min': 375.0, 'captured_co2_g': 0.0516600358528709, 'fan_speed_rpm': 1500.0} | Cmd RPM: 1500.0
2026-09-17 12:02:33,995 - DigitalTwin - INFO - Scenario: normal | True: {'co2_ppm': 419.9794699492097, 'temperature_c': 25.0, 'humidity_percent': 50.0, 'gas_flow_l_min': 375.0, 'captured_co2_g': 0.05543985108241379, 'fan_speed_rpm': 1500.0} | Cmd RPM: 1500.0
2026-09-17 12:02:34,996 - DigitalTwin - INFO - Scenario: normal | True: {'co2_ppm': 419.5239993570158, 'temperature_c': 25.0, 'humidity_percent': 50.0, 'gas_flow_l_min': 375.0, 'captured_co2_g': 0.05921556707662693, 'fan_speed_rpm': 1500.0} | Cmd RPM: 1500.0
2026-09-17 12:02:35,997 - DigitalTwin - INFO - Scenario: normal | True: {'co2_ppm': 419.97240136219807, 'temperature_c': 25.0, 'humidity_percent': 50.0, 'gas_flow_l_min': 375.0, 'captured_co2_g': 0.06299531868888672, 'fan_speed_rpm': 1500.0} | Cmd RPM: 1500.0
2026-09-17 12:02:36,999 - DigitalTwin - INFO - Scenario: fan_failure | True: {'co2_ppm': 419.9502995532819, 'temperature_c': 25.0, 'humidity_percent': 50.0, 'gas_flow_l_min': 300.0, 'captured_co2_g': 0.06601896084567035, 'fan_speed_rpm': 1200.0} | Cmd RPM: 1500.0
2026-09-17 12:02:38,000 - DigitalTwin - INFO - Scenario: fan_failure | True: {'co2_ppm': 420.1712190912533, 'temperature_c': 25.0, 'humidity_percent': 50.0, 'gas_flow_l_min': 240.0, 'captured_co2_g': 0.06843914706763597, 'fan_speed_rpm': 960.0} | Cmd RPM: 1500.0
2026-09-17 12:02:39,001 - DigitalTwin - INFO - Scenario: fan_failure | True: {'co2_ppm': 419.8026121227655, 'temperature_c': 25.0, 'humidity_percent': 50.0, 'gas_flow_l_min': 192.0, 'captured_co2_g': 0.07037359750429767, 'fan_speed_rpm': 768.0} | Cmd RPM: 1500.0
2026-09-17 12:02:40,003 - DigitalTwin - INFO - Scenario: fan_failure | True: {'co2_ppm': 419.93702932603384, 'temperature_c': 25.0, 'humidity_percent': 50.0, 'gas_flow_l_min': 153.6, 'captured_co2_g': 0.07192165336920515, 'fan_speed_rpm': 614.4} | Cmd RPM: 1500.0
2026-09-17 12:02:41,004 - DigitalTwin - INFO - Scenario: fan_failure | True: {'co2_ppm': 419.66870282673403, 'temperature_c': 25.0, 'humidity_percent': 50.0, 'gas_flow_l_min': 122.88, 'captured_co2_g': 0.07315930673408554, 'fan_speed_rpm': 491.52} | Cmd RPM: 1500.0
2026-09-17 12:02:42,005 - DigitalTwin - INFO - Scenario: fan_failure | True: {'co2_ppm': 419.3911571040411, 'temperature_c': 25.0, 'humidity_percent': 50.0, 'gas_flow_l_min': 98.304, 'captured_co2_g': 0.07414877461347646, 'fan_speed_rpm': 393.216} | Cmd RPM: 1500.0
2026-09-17 12:02:43,006 - DigitalTwin - INFO - Scenario: fan_failure | True: {'co2_ppm': 419.8815561996367, 'temperature_c': 25.0, 'humidity_percent': 50.0, 'gas_flow_l_min': 78.64320000000001, 'captured_co2_g': 0.07494127451428893, 'fan_speed_rpm': 314.57280000000003} | Cmd RPM: 1500.0
2026-09-17 12:02:44,008 - DigitalTwin - INFO - Scenario: fan_failure | True: {'co2_ppm': 419.83866126009633, 'temperature_c': 25.0, 'humidity_percent': 50.0, 'gas_flow_l_min': 62.91456000000001, 'captured_co2_g': 0.07557520966574896, 'fan_speed_rpm': 251.65824000000003} | Cmd RPM: 1500.0
2026-09-17 12:02:45,009 - DigitalTwin - INFO - Scenario: fan_failure | True: {'co2_ppm': 419.8945372439189, 'temperature_c': 25.0, 'humidity_percent': 50.0, 'gas_flow_l_min': 50.33164800000001, 'captured_co2_g': 0.07608242528284537, 'fan_speed_rpm': 201.32659200000003} | Cmd RPM: 1500.0
2026-09-17 12:02:46,010 - DigitalTwin - INFO - Scenario: fan_failure | True: {'co2_ppm': 419.58280593679666, 'temperature_c': 25.0, 'humidity_percent': 50.0, 'gas_flow_l_min': 40.265318400000005, 'captured_co2_g': 0.07648789652947442, 'fan_speed_rpm': 161.06127360000002} | Cmd RPM: 1500.0
2026-09-17 12:02:47,012 - DigitalTwin - INFO - Scenario: normal | True: {'co2_ppm': 419.7769429052636, 'temperature_c': 25.0, 'humidity_percent': 50.0, 'gas_flow_l_min': 375.0, 'captured_co2_g': 0.08026588901562179, 'fan_speed_rpm': 1500.0} | Cmd RPM: 1500.0
2026-09-17 12:02:48,013 - DigitalTwin - INFO - Scenario: normal | True: {'co2_ppm': 419.9955836215319, 'temperature_c': 25.0, 'humidity_percent': 50.0, 'gas_flow_l_min': 375.0, 'captured_co2_g': 0.08404584926821558, 'fan_speed_rpm': 1500.0} | Cmd RPM: 1500.0
2026-09-17 12:02:49,014 - DigitalTwin - INFO - Scenario: normal | True: {'co2_ppm': 419.57511144971744, 'temperature_c': 25.0, 'humidity_percent': 50.0, 'gas_flow_l_min': 375.0, 'captured_co2_g': 0.08782202527126304, 'fan_speed_rpm': 1500.0} | Cmd RPM: 1500.0
2026-09-17 12:02:50,017 - DigitalTwin - INFO - Scenario: normal | True: {'co2_ppm': 419.29788959016327, 'temperature_c': 25.0, 'humidity_percent': 50.0, 'gas_flow_l_min': 375.0, 'captured_co2_g': 0.0915957062775745, 'fan_speed_rpm': 1500.0} | Cmd RPM: 1500.0
2026-09-17 12:02:51,017 - DigitalTwin - INFO - Scenario: normal | True: {'co2_ppm': 419.42278830651185, 'temperature_c': 25.0, 'humidity_percent': 50.0, 'gas_flow_l_min': 375.0, 'captured_co2_g': 0.09537051137233311, 'fan_speed_rpm': 1500.0} | Cmd RPM: 1500.0
2026-09-17 12:02:52,018 - DigitalTwin - INFO - Scenario: normal | True: {'co2_ppm': 419.65703110193624, 'temperature_c': 25.0, 'humidity_percent': 50.0, 'gas_flow_l_min': 375.0, 'captured_co2_g': 0.09914742465225054, 'fan_speed_rpm': 1500.0} | Cmd RPM: 1500.0
2026-09-17 12:02:53,019 - DigitalTwin - INFO - Scenario: normal | True: {'co2_ppm': 419.2680955056079, 'temperature_c': 25.0, 'humidity_percent': 50.0, 'gas_flow_l_min': 375.0, 'captured_co2_g': 0.10292083751180102, 'fan_speed_rpm': 1500.0} | Cmd RPM: 1500.0
2026-09-17 12:02:54,021 - DigitalTwin - INFO - Scenario: normal | True: {'co2_ppm': 419.7162871394215, 'temperature_c': 25.0, 'humidity_percent': 50.0, 'gas_flow_l_min': 375.0, 'captured_co2_g': 0.1066982840960558, 'fan_speed_rpm': 1500.0} | Cmd RPM: 1500.0
2026-09-17 12:02:55,022 - DigitalTwin - INFO - Scenario: normal | True: {'co2_ppm': 419.83656665989014, 'temperature_c': 25.0, 'humidity_percent': 50.0, 'gas_flow_l_min': 375.0, 'captured_co2_g': 0.11047681319599481, 'fan_speed_rpm': 1500.0} | Cmd RPM: 1500.0
2026-09-17 12:02:56,022 - DigitalTwin - INFO - Scenario: normal | True: {'co2_ppm': 420.2617218306264, 'temperature_c': 25.0, 'humidity_percent': 50.0, 'gas_flow_l_min': 375.0, 'captured_co2_g': 0.11425916869247045, 'fan_speed_rpm': 1500.0} | Cmd RPM: 1500.0
2026-09-17 12:02:57,024 - DigitalTwin - INFO - Scenario: sensor_spike | True: {'co2_ppm': 420.45536731687696, 'temperature_c': 25.0, 'humidity_percent': 50.0, 'gas_flow_l_min': 375.0, 'captured_co2_g': 0.11804326699832235, 'fan_speed_rpm': 1500.0} | Cmd RPM: 1500.0
2026-09-17 12:02:58,025 - DigitalTwin - INFO - Scenario: sensor_spike | True: {'co2_ppm': 420.0452824953602, 'temperature_c': 25.0, 'humidity_percent': 50.0, 'gas_flow_l_min': 375.0, 'captured_co2_g': 0.1218236745407806, 'fan_speed_rpm': 1500.0} | Cmd RPM: 1500.0
2026-09-17 12:02:59,025 - DigitalTwin - INFO - Scenario: sensor_spike | True: {'co2_ppm': 420.2721877335227, 'temperature_c': 25.0, 'humidity_percent': 50.0, 'gas_flow_l_min': 375.0, 'captured_co2_g': 0.1256061242303823, 'fan_speed_rpm': 1500.0} | Cmd RPM: 1500.0
2026-09-17 12:03:00,026 - DigitalTwin - INFO - Scenario: sensor_spike | True: {'co2_ppm': 420.3018891215918, 'temperature_c': 25.0, 'humidity_percent': 50.0, 'gas_flow_l_min': 375.0, 'captured_co2_g': 0.12938884123247663, 'fan_speed_rpm': 1500.0} | Cmd RPM: 1500.0
2026-09-17 12:03:01,027 - DigitalTwin - INFO - Scenario: sensor_spike | True: {'co2_ppm': 420.56811085515585, 'temperature_c': 25.0, 'humidity_percent': 50.0, 'gas_flow_l_min': 375.0, 'captured_co2_g': 0.13317395423017303, 'fan_speed_rpm': 1500.0} | Cmd RPM: 1500.0
2026-09-17 12:03:02,028 - DigitalTwin - INFO - Scenario: sensor_spike | True: {'co2_ppm': 420.9046332787765, 'temperature_c': 25.0, 'humidity_percent': 50.0, 'gas_flow_l_min': 375.0, 'captured_co2_g': 0.13696209592968203, 'fan_speed_rpm': 1500.0} | Cmd RPM: 1500.0
2026-09-17 12:03:03,028 - DigitalTwin - INFO - Scenario: sensor_spike | True: {'co2_ppm': 421.15463474878106, 'temperature_c': 25.0, 'humidity_percent': 50.0, 'gas_flow_l_min': 375.0, 'captured_co2_g': 0.14075248764242107, 'fan_speed_rpm': 1500.0} | Cmd RPM: 1500.0
2026-09-17 12:03:04,029 - DigitalTwin - INFO - Scenario: sensor_spike | True: {'co2_ppm': 421.4427638382985, 'temperature_c': 25.0, 'humidity_percent': 50.0, 'gas_flow_l_min': 375.0, 'captured_co2_g': 0.14454547251696576, 'fan_speed_rpm': 1500.0} | Cmd RPM: 1500.0
2026-09-17 12:03:05,030 - DigitalTwin - INFO - Scenario: sensor_spike | True: {'co2_ppm': 421.10693767805196, 'temperature_c': 25.0, 'humidity_percent': 50.0, 'gas_flow_l_min': 375.0, 'captured_co2_g': 0.1483354349560682, 'fan_speed_rpm': 1500.0} | Cmd RPM: 1500.0
2026-09-17 12:03:06,031 - DigitalTwin - INFO - Scenario: sensor_spike | True: {'co2_ppm': 420.7600640930607, 'temperature_c': 25.0, 'humidity_percent': 50.0, 'gas_flow_l_min': 375.0, 'captured_co2_g': 0.15212227553290575, 'fan_speed_rpm': 1500.0} | Cmd RPM: 1500.0
2026-09-17 12:03:07,033 - DigitalTwin - INFO - Scenario: sensor_spike | True: {'co2_ppm': 421.179153091246, 'temperature_c': 25.0, 'humidity_percent': 50.0, 'gas_flow_l_min': 375.0, 'captured_co2_g': 0.15591288791072697, 'fan_speed_rpm': 1500.0} | Cmd RPM: 1500.0
2026-09-17 12:03:08,034 - DigitalTwin - INFO - Scenario: sensor_spike | True: {'co2_ppm': 420.8973884810805, 'temperature_c': 25.0, 'humidity_percent': 50.0, 'gas_flow_l_min': 375.0, 'captured_co2_g': 0.1597009644070567, 'fan_speed_rpm': 1500.0} | Cmd RPM: 1500.0
2026-09-17 12:03:09,035 - DigitalTwin - INFO - Scenario: sensor_spike | True: {'co2_ppm': 420.74345471870396, 'temperature_c': 25.0, 'humidity_percent': 50.0, 'gas_flow_l_min': 375.0, 'captured_co2_g': 0.16348765549952504, 'fan_speed_rpm': 1500.0} | Cmd RPM: 1500.0
2026-09-17 12:03:10,037 - DigitalTwin - INFO - Scenario: sensor_spike | True: {'co2_ppm': 420.91474048195636, 'temperature_c': 25.0, 'humidity_percent': 50.0, 'gas_flow_l_min': 375.0, 'captured_co2_g': 0.16727588816386266, 'fan_speed_rpm': 1500.0} | Cmd RPM: 1500.0
2026-09-17 12:03:11,038 - DigitalTwin - INFO - Scenario: sensor_spike | True: {'co2_ppm': 420.692223320664, 'temperature_c': 25.0, 'humidity_percent': 50.0, 'gas_flow_l_min': 375.0, 'captured_co2_g': 0.17106211817374864, 'fan_speed_rpm': 1500.0} | Cmd RPM: 1500.0
2026-09-17 12:03:12,039 - DigitalTwin - INFO - Scenario: sensor_spike | True: {'co2_ppm': 420.46348459703046, 'temperature_c': 25.0, 'humidity_percent': 50.0, 'gas_flow_l_min': 375.0, 'captured_co2_g': 0.1748462895351219, 'fan_speed_rpm': 1500.0} | Cmd RPM: 1500.0
2026-09-17 12:03:13,041 - DigitalTwin - INFO - Scenario: sensor_spike | True: {'co2_ppm': 420.2512127480162, 'temperature_c': 25.0, 'humidity_percent': 50.0, 'gas_flow_l_min': 375.0, 'captured_co2_g': 0.17862855044985404, 'fan_speed_rpm': 1500.0} | Cmd RPM: 1500.0
2026-09-17 12:03:14,042 - DigitalTwin - INFO - Scenario: sensor_spike | True: {'co2_ppm': 420.2053908913501, 'temperature_c': 25.0, 'humidity_percent': 50.0, 'gas_flow_l_min': 375.0, 'captured_co2_g': 0.1824103989678762, 'fan_speed_rpm': 1500.0} | Cmd RPM: 1500.0
2026-09-17 12:03:15,044 - DigitalTwin - INFO - Scenario: sensor_spike | True: {'co2_ppm': 419.8006771066714, 'temperature_c': 25.0, 'humidity_percent': 50.0, 'gas_flow_l_min': 375.0, 'captured_co2_g': 0.18618860506183624, 'fan_speed_rpm': 1500.0} | Cmd RPM: 1500.0
2026-09-17 12:03:16,045 - DigitalTwin - INFO - Scenario: sensor_spike | True: {'co2_ppm': 419.5490518840353, 'temperature_c': 25.0, 'humidity_percent': 50.0, 'gas_flow_l_min': 375.0, 'captured_co2_g': 0.18996454652879255, 'fan_speed_rpm': 1500.0} | Cmd RPM: 1500.0
2026-09-17 12:03:17,046 - DigitalTwin - INFO - Scenario: sensor_spike | True: {'co2_ppm': 419.49031825028135, 'temperature_c': 25.0, 'humidity_percent': 50.0, 'gas_flow_l_min': 375.0, 'captured_co2_g': 0.19373995939304509, 'fan_speed_rpm': 1500.0} | Cmd RPM: 1500.0
2026-09-17 12:03:18,047 - DigitalTwin - INFO - Scenario: sensor_spike | True: {'co2_ppm': 419.04606991499844, 'temperature_c': 25.0, 'humidity_percent': 50.0, 'gas_flow_l_min': 375.0, 'captured_co2_g': 0.19751137402228008, 'fan_speed_rpm': 1500.0} | Cmd RPM: 1500.0
2026-09-17 12:03:19,049 - DigitalTwin - INFO - Scenario: sensor_spike | True: {'co2_ppm': 419.11082628217, 'temperature_c': 25.0, 'humidity_percent': 50.0, 'gas_flow_l_min': 375.0, 'captured_co2_g': 0.2012833714588196, 'fan_speed_rpm': 1500.0} | Cmd RPM: 1500.0
2026-09-17 12:03:20,049 - DigitalTwin - INFO - Scenario: sensor_spike | True: {'co2_ppm': 419.6187827984746, 'temperature_c': 25.0, 'humidity_percent': 50.0, 'gas_flow_l_min': 375.0, 'captured_co2_g': 0.2050599405040059, 'fan_speed_rpm': 1500.0} | Cmd RPM: 1500.0
2026-09-17 12:03:21,050 - DigitalTwin - INFO - Scenario: sensor_spike | True: {'co2_ppm': 419.9518843697862, 'temperature_c': 25.0, 'humidity_percent': 50.0, 'gas_flow_l_min': 375.0, 'captured_co2_g': 0.20883950746333396, 'fan_speed_rpm': 1500.0} | Cmd RPM: 1500.0
2026-09-17 12:03:22,051 - DigitalTwin - INFO - Scenario: sensor_spike | True: {'co2_ppm': 420.0850685162343, 'temperature_c': 25.0, 'humidity_percent': 50.0, 'gas_flow_l_min': 375.0, 'captured_co2_g': 0.21262027307998008, 'fan_speed_rpm': 1500.0} | Cmd RPM: 1500.0
2026-09-17 12:03:23,053 - DigitalTwin - INFO - Scenario: sensor_spike | True: {'co2_ppm': 419.8639444421506, 'temperature_c': 25.0, 'humidity_percent': 50.0, 'gas_flow_l_min': 375.0, 'captured_co2_g': 0.21639904857995942, 'fan_speed_rpm': 1500.0} | Cmd RPM: 1500.0
2026-09-17 12:03:24,054 - DigitalTwin - INFO - Scenario: sensor_spike | True: {'co2_ppm': 419.4567646282213, 'temperature_c': 25.0, 'humidity_percent': 50.0, 'gas_flow_l_min': 375.0, 'captured_co2_g': 0.22017415946161342, 'fan_speed_rpm': 1500.0} | Cmd RPM: 1500.0
2026-09-17 12:03:25,055 - DigitalTwin - INFO - Scenario: sensor_spike | True: {'co2_ppm': 419.5638018403043, 'temperature_c': 25.0, 'humidity_percent': 50.0, 'gas_flow_l_min': 375.0, 'captured_co2_g': 0.22395023367817615, 'fan_speed_rpm': 1500.0} | Cmd RPM: 1500.0
2026-09-17 12:03:26,056 - DigitalTwin - INFO - Scenario: sensor_spike | True: {'co2_ppm': 419.82641311709546, 'temperature_c': 25.0, 'humidity_percent': 50.0, 'gas_flow_l_min': 375.0, 'captured_co2_g': 0.22772867139623001, 'fan_speed_rpm': 1500.0} | Cmd RPM: 1500.0
2026-09-17 12:03:27,058 - DigitalTwin - INFO - Scenario: sensor_spike | True: {'co2_ppm': 419.5696042208483, 'temperature_c': 25.0, 'humidity_percent': 50.0, 'gas_flow_l_min': 375.0, 'captured_co2_g': 0.23150479783421765, 'fan_speed_rpm': 1500.0} | Cmd RPM: 1500.0
2026-09-17 12:03:28,059 - DigitalTwin - INFO - Scenario: sensor_spike | True: {'co2_ppm': 419.27291650444926, 'temperature_c': 25.0, 'humidity_percent': 50.0, 'gas_flow_l_min': 375.0, 'captured_co2_g': 0.23527825408275768, 'fan_speed_rpm': 1500.0} | Cmd RPM: 1500.0
2026-09-17 12:03:29,060 - DigitalTwin - INFO - Scenario: sensor_spike | True: {'co2_ppm': 418.8600176232501, 'temperature_c': 25.0, 'humidity_percent': 50.0, 'gas_flow_l_min': 375.0, 'captured_co2_g': 0.23904799424136694, 'fan_speed_rpm': 1500.0} | Cmd RPM: 1500.0
2026-09-17 12:03:30,061 - DigitalTwin - INFO - Scenario: sensor_spike | True: {'co2_ppm': 418.75252025672484, 'temperature_c': 25.0, 'humidity_percent': 50.0, 'gas_flow_l_min': 375.0, 'captured_co2_g': 0.24281676692367746, 'fan_speed_rpm': 1500.0} | Cmd RPM: 1500.0
2026-09-17 12:03:31,061 - DigitalTwin - INFO - Scenario: sensor_spike | True: {'co2_ppm': 418.3583083665861, 'temperature_c': 25.0, 'humidity_percent': 50.0, 'gas_flow_l_min': 375.0, 'captured_co2_g': 0.24658199169897674, 'fan_speed_rpm': 1500.0} | Cmd RPM: 1500.0
2026-09-17 12:03:32,062 - DigitalTwin - INFO - Scenario: sensor_spike | True: {'co2_ppm': 418.6819144921133, 'temperature_c': 25.0, 'humidity_percent': 50.0, 'gas_flow_l_min': 375.0, 'captured_co2_g': 0.2503501289294058, 'fan_speed_rpm': 1500.0} | Cmd RPM: 1500.0
2026-09-17 12:03:33,064 - DigitalTwin - INFO - Scenario: sensor_spike | True: {'co2_ppm': 418.80858987034117, 'temperature_c': 25.0, 'humidity_percent': 50.0, 'gas_flow_l_min': 375.0, 'captured_co2_g': 0.25411940623823887, 'fan_speed_rpm': 1500.0} | Cmd RPM: 1500.0
2026-09-17 12:03:34,065 - DigitalTwin - INFO - Scenario: sensor_spike | True: {'co2_ppm': 418.50196660463405, 'temperature_c': 25.0, 'humidity_percent': 50.0, 'gas_flow_l_min': 375.0, 'captured_co2_g': 0.25788592393768056, 'fan_speed_rpm': 1500.0} | Cmd RPM: 1500.0
2026-09-17 12:03:35,067 - DigitalTwin - INFO - Scenario: sensor_spike | True: {'co2_ppm': 419.0121324706979, 'temperature_c': 25.0, 'humidity_percent': 50.0, 'gas_flow_l_min': 375.0, 'captured_co2_g': 0.26165703312991684, 'fan_speed_rpm': 1500.0} | Cmd RPM: 1500.0
2026-09-17 12:03:36,067 - DigitalTwin - INFO - Scenario: sensor_spike | True: {'co2_ppm': 419.3203826878667, 'temperature_c': 25.0, 'humidity_percent': 50.0, 'gas_flow_l_min': 375.0, 'captured_co2_g': 0.2654309165741076, 'fan_speed_rpm': 1500.0} | Cmd RPM: 1500.0
2026-09-17 12:03:37,068 - DigitalTwin - INFO - Scenario: sensor_spike | True: {'co2_ppm': 419.2863226660464, 'temperature_c': 25.0, 'humidity_percent': 50.0, 'gas_flow_l_min': 375.0, 'captured_co2_g': 0.26920449347810205, 'fan_speed_rpm': 1500.0} | Cmd RPM: 1500.0
2026-09-17 12:03:38,069 - DigitalTwin - INFO - Scenario: sensor_spike | True: {'co2_ppm': 419.7597547215979, 'temperature_c': 25.0, 'humidity_percent': 50.0, 'gas_flow_l_min': 375.0, 'captured_co2_g': 0.2729823312705964, 'fan_speed_rpm': 1500.0} | Cmd RPM: 1500.0
2026-09-17 12:03:39,070 - DigitalTwin - INFO - Scenario: sensor_spike | True: {'co2_ppm': 419.55334526208605, 'temperature_c': 25.0, 'humidity_percent': 50.0, 'gas_flow_l_min': 375.0, 'captured_co2_g': 0.2767583113779552, 'fan_speed_rpm': 1500.0} | Cmd RPM: 1500.0
2026-09-17 12:03:40,071 - DigitalTwin - INFO - Scenario: sensor_spike | True: {'co2_ppm': 419.90980550100016, 'temperature_c': 25.0, 'humidity_percent': 50.0, 'gas_flow_l_min': 375.0, 'captured_co2_g': 0.2805374996274642, 'fan_speed_rpm': 1500.0} | Cmd RPM: 1500.0
2026-09-17 12:03:41,072 - DigitalTwin - INFO - Scenario: sensor_spike | True: {'co2_ppm': 419.799355064872, 'temperature_c': 25.0, 'humidity_percent': 50.0, 'gas_flow_l_min': 375.0, 'captured_co2_g': 0.28431569382304805, 'fan_speed_rpm': 1500.0} | Cmd RPM: 1500.0
2026-09-17 12:03:42,073 - DigitalTwin - INFO - Scenario: sensor_spike | True: {'co2_ppm': 420.17069129239866, 'temperature_c': 25.0, 'humidity_percent': 50.0, 'gas_flow_l_min': 375.0, 'captured_co2_g': 0.28809723004467963, 'fan_speed_rpm': 1500.0} | Cmd RPM: 1500.0
2026-09-17 12:03:43,075 - DigitalTwin - INFO - Scenario: sensor_spike | True: {'co2_ppm': 420.15130568228506, 'temperature_c': 25.0, 'humidity_percent': 50.0, 'gas_flow_l_min': 375.0, 'captured_co2_g': 0.2918785917958202, 'fan_speed_rpm': 1500.0} | Cmd RPM: 1500.0
2026-09-17 12:03:44,077 - DigitalTwin - INFO - Scenario: sensor_spike | True: {'co2_ppm': 419.8792569786197, 'temperature_c': 25.0, 'humidity_percent': 50.0, 'gas_flow_l_min': 375.0, 'captured_co2_g': 0.29565750510862776, 'fan_speed_rpm': 1500.0} | Cmd RPM: 1500.0
2026-09-17 12:03:45,078 - DigitalTwin - INFO - Scenario: sensor_spike | True: {'co2_ppm': 420.11893279456666, 'temperature_c': 25.0, 'humidity_percent': 50.0, 'gas_flow_l_min': 375.0, 'captured_co2_g': 0.29943857550377884, 'fan_speed_rpm': 1500.0} | Cmd RPM: 1500.0
2026-09-17 12:03:46,079 - DigitalTwin - INFO - Scenario: sensor_spike | True: {'co2_ppm': 419.75156315903064, 'temperature_c': 25.0, 'humidity_percent': 50.0, 'gas_flow_l_min': 375.0, 'captured_co2_g': 0.3032163395722101, 'fan_speed_rpm': 1500.0} | Cmd RPM: 1500.0
2026-09-17 12:03:47,080 - DigitalTwin - INFO - Scenario: sensor_spike | True: {'co2_ppm': 420.216761672818, 'temperature_c': 25.0, 'humidity_percent': 50.0, 'gas_flow_l_min': 375.0, 'captured_co2_g': 0.30699829042726545, 'fan_speed_rpm': 1500.0} | Cmd RPM: 1500.0
2026-09-17 12:03:48,082 - DigitalTwin - INFO - Scenario: sensor_spike | True: {'co2_ppm': 419.74436453807033, 'temperature_c': 25.0, 'humidity_percent': 50.0, 'gas_flow_l_min': 375.0, 'captured_co2_g': 0.3107759897081081, 'fan_speed_rpm': 1500.0} | Cmd RPM: 1500.0
2026-09-17 12:03:49,083 - DigitalTwin - INFO - Scenario: sensor_spike | True: {'co2_ppm': 420.1071844485666, 'temperature_c': 25.0, 'humidity_percent': 50.0, 'gas_flow_l_min': 375.0, 'captured_co2_g': 0.3145569543681452, 'fan_speed_rpm': 1500.0} | Cmd RPM: 1500.0
2026-09-17 12:03:50,084 - DigitalTwin - INFO - Scenario: sensor_spike | True: {'co2_ppm': 419.6756331074627, 'temperature_c': 25.0, 'humidity_percent': 50.0, 'gas_flow_l_min': 375.0, 'captured_co2_g': 0.31833403506611235, 'fan_speed_rpm': 1500.0} | Cmd RPM: 1500.0
2026-09-17 12:03:51,085 - DigitalTwin - INFO - Scenario: sensor_spike | True: {'co2_ppm': 419.2677800726675, 'temperature_c': 25.0, 'humidity_percent': 50.0, 'gas_flow_l_min': 375.0, 'captured_co2_g': 0.32210744508676636, 'fan_speed_rpm': 1500.0} | Cmd RPM: 1500.0
2026-09-17 12:03:52,085 - DigitalTwin - INFO - Scenario: sensor_spike | True: {'co2_ppm': 419.405392837715, 'temperature_c': 25.0, 'humidity_percent': 50.0, 'gas_flow_l_min': 375.0, 'captured_co2_g': 0.3258820936223058, 'fan_speed_rpm': 1500.0} | Cmd RPM: 1500.0
2026-09-17 12:03:53,087 - DigitalTwin - INFO - Scenario: sensor_spike | True: {'co2_ppm': 419.9006528932727, 'temperature_c': 25.0, 'humidity_percent': 50.0, 'gas_flow_l_min': 375.0, 'captured_co2_g': 0.32966119949834527, 'fan_speed_rpm': 1500.0} | Cmd RPM: 1500.0
2026-09-17 12:03:54,087 - DigitalTwin - INFO - Scenario: sensor_spike | True: {'co2_ppm': 419.6310941841492, 'temperature_c': 25.0, 'humidity_percent': 50.0, 'gas_flow_l_min': 375.0, 'captured_co2_g': 0.3334378793460026, 'fan_speed_rpm': 1500.0} | Cmd RPM: 1500.0
2026-09-17 12:03:55,089 - DigitalTwin - INFO - Scenario: sensor_spike | True: {'co2_ppm': 419.7386601103053, 'temperature_c': 25.0, 'humidity_percent': 50.0, 'gas_flow_l_min': 375.0, 'captured_co2_g': 0.33721552728699533, 'fan_speed_rpm': 1500.0} | Cmd RPM: 1500.0
2026-09-17 12:03:56,090 - DigitalTwin - INFO - Scenario: sensor_spike | True: {'co2_ppm': 420.1544425970485, 'temperature_c': 25.0, 'humidity_percent': 50.0, 'gas_flow_l_min': 375.0, 'captured_co2_g': 0.3409969172703688, 'fan_speed_rpm': 1500.0} | Cmd RPM: 1500.0
2026-09-17 12:03:57,091 - DigitalTwin - INFO - Scenario: sensor_spike | True: {'co2_ppm': 420.2869734544284, 'temperature_c': 25.0, 'humidity_percent': 50.0, 'gas_flow_l_min': 375.0, 'captured_co2_g': 0.34477950003145863, 'fan_speed_rpm': 1500.0} | Cmd RPM: 1500.0
2026-09-17 12:03:58,092 - DigitalTwin - INFO - Scenario: sensor_spike | True: {'co2_ppm': 420.33837147856013, 'temperature_c': 25.0, 'humidity_percent': 50.0, 'gas_flow_l_min': 375.0, 'captured_co2_g': 0.34856254537476566, 'fan_speed_rpm': 1500.0} | Cmd RPM: 1500.0
2026-09-17 12:03:59,093 - DigitalTwin - INFO - Scenario: sensor_spike | True: {'co2_ppm': 420.31555836301, 'temperature_c': 25.0, 'humidity_percent': 50.0, 'gas_flow_l_min': 375.0, 'captured_co2_g': 0.35234538540003274, 'fan_speed_rpm': 1500.0} | Cmd RPM: 1500.0
2026-09-17 12:04:00,094 - DigitalTwin - INFO - Scenario: sensor_spike | True: {'co2_ppm': 420.7385959919427, 'temperature_c': 25.0, 'humidity_percent': 50.0, 'gas_flow_l_min': 375.0, 'captured_co2_g': 0.3561320327639602, 'fan_speed_rpm': 1500.0} | Cmd RPM: 1500.0
2026-09-17 12:04:01,095 - DigitalTwin - INFO - Scenario: sensor_spike | True: {'co2_ppm': 420.26488628183296, 'temperature_c': 25.0, 'humidity_percent': 50.0, 'gas_flow_l_min': 375.0, 'captured_co2_g': 0.35991441674049673, 'fan_speed_rpm': 1500.0} | Cmd RPM: 1500.0
2026-09-17 12:04:02,096 - DigitalTwin - INFO - Scenario: sensor_spike | True: {'co2_ppm': 420.3796874512227, 'temperature_c': 25.0, 'humidity_percent': 50.0, 'gas_flow_l_min': 375.0, 'captured_co2_g': 0.3636978339275577, 'fan_speed_rpm': 1500.0} | Cmd RPM: 1500.0
2026-09-17 12:04:03,096 - DigitalTwin - INFO - Scenario: sensor_spike | True: {'co2_ppm': 420.1990165590616, 'temperature_c': 25.0, 'humidity_percent': 50.0, 'gas_flow_l_min': 375.0, 'captured_co2_g': 0.36747962507658927, 'fan_speed_rpm': 1500.0} | Cmd RPM: 1500.0
2026-09-17 12:04:04,098 - DigitalTwin - INFO - Scenario: sensor_spike | True: {'co2_ppm': 420.01285703042015, 'temperature_c': 25.0, 'humidity_percent': 50.0, 'gas_flow_l_min': 375.0, 'captured_co2_g': 0.37125974078986307, 'fan_speed_rpm': 1500.0} | Cmd RPM: 1500.0
2026-09-17 12:04:05,099 - DigitalTwin - INFO - Scenario: sensor_spike | True: {'co2_ppm': 420.0526780935385, 'temperature_c': 25.0, 'humidity_percent': 50.0, 'gas_flow_l_min': 375.0, 'captured_co2_g': 0.3750402148927049, 'fan_speed_rpm': 1500.0} | Cmd RPM: 1500.0
2026-09-17 12:04:06,100 - DigitalTwin - INFO - Scenario: sensor_spike | True: {'co2_ppm': 419.7684245152943, 'temperature_c': 25.0, 'humidity_percent': 50.0, 'gas_flow_l_min': 375.0, 'captured_co2_g': 0.3788181307133425, 'fan_speed_rpm': 1500.0} | Cmd RPM: 1500.0
2026-09-17 12:04:07,102 - DigitalTwin - INFO - Scenario: sensor_spike | True: {'co2_ppm': 419.8834313732575, 'temperature_c': 25.0, 'humidity_percent': 50.0, 'gas_flow_l_min': 375.0, 'captured_co2_g': 0.3825970815957018, 'fan_speed_rpm': 1500.0} | Cmd RPM: 1500.0
2026-09-17 12:04:08,103 - DigitalTwin - INFO - Scenario: sensor_spike | True: {'co2_ppm': 420.2815431891546, 'temperature_c': 25.0, 'humidity_percent': 50.0, 'gas_flow_l_min': 375.0, 'captured_co2_g': 0.3863796154844042, 'fan_speed_rpm': 1500.0} | Cmd RPM: 1500.0
2026-09-17 12:04:09,105 - DigitalTwin - INFO - Scenario: sensor_spike | True: {'co2_ppm': 420.05221968157446, 'temperature_c': 25.0, 'humidity_percent': 50.0, 'gas_flow_l_min': 375.0, 'captured_co2_g': 0.39016008546153835, 'fan_speed_rpm': 1500.0} | Cmd RPM: 1500.0
2026-09-17 12:04:10,106 - DigitalTwin - INFO - Scenario: sensor_spike | True: {'co2_ppm': 420.05743754450896, 'temperature_c': 25.0, 'humidity_percent': 50.0, 'gas_flow_l_min': 375.0, 'captured_co2_g': 0.39394060239943895, 'fan_speed_rpm': 1500.0} | Cmd RPM: 1500.0
2026-09-17 12:04:11,107 - DigitalTwin - INFO - Scenario: sensor_spike | True: {'co2_ppm': 420.06191645930267, 'temperature_c': 25.0, 'humidity_percent': 50.0, 'gas_flow_l_min': 375.0, 'captured_co2_g': 0.39772115964757265, 'fan_speed_rpm': 1500.0} | Cmd RPM: 1500.0
2026-09-17 12:04:12,108 - DigitalTwin - INFO - Scenario: sensor_spike | True: {'co2_ppm': 419.7249862838012, 'temperature_c': 25.0, 'humidity_percent': 50.0, 'gas_flow_l_min': 375.0, 'captured_co2_g': 0.40149868452412685, 'fan_speed_rpm': 1500.0} | Cmd RPM: 1500.0
2026-09-17 12:04:13,109 - DigitalTwin - INFO - Scenario: sensor_spike | True: {'co2_ppm': 419.44295672463284, 'temperature_c': 25.0, 'humidity_percent': 50.0, 'gas_flow_l_min': 375.0, 'captured_co2_g': 0.4052736711346485, 'fan_speed_rpm': 1500.0} | Cmd RPM: 1500.0
2026-09-17 12:04:14,110 - DigitalTwin - INFO - Scenario: sensor_spike | True: {'co2_ppm': 419.66577537537495, 'temperature_c': 25.0, 'humidity_percent': 50.0, 'gas_flow_l_min': 375.0, 'captured_co2_g': 0.4090506631130269, 'fan_speed_rpm': 1500.0} | Cmd RPM: 1500.0
2026-09-17 12:04:15,111 - DigitalTwin - INFO - Scenario: sensor_spike | True: {'co2_ppm': 419.2426552373845, 'temperature_c': 25.0, 'humidity_percent': 50.0, 'gas_flow_l_min': 375.0, 'captured_co2_g': 0.41282384701016334, 'fan_speed_rpm': 1500.0} | Cmd RPM: 1500.0
2026-09-17 12:04:16,112 - DigitalTwin - INFO - Scenario: sensor_spike | True: {'co2_ppm': 419.23960414626583, 'temperature_c': 25.0, 'humidity_percent': 50.0, 'gas_flow_l_min': 375.0, 'captured_co2_g': 0.41659700344747974, 'fan_speed_rpm': 1500.0} | Cmd RPM: 1500.0
2026-09-17 12:04:17,114 - DigitalTwin - INFO - Scenario: sensor_spike | True: {'co2_ppm': 419.1242571113014, 'temperature_c': 25.0, 'humidity_percent': 50.0, 'gas_flow_l_min': 375.0, 'captured_co2_g': 0.42036912176148145, 'fan_speed_rpm': 1500.0} | Cmd RPM: 1500.0
2026-09-17 12:04:18,116 - DigitalTwin - INFO - Scenario: sensor_spike | True: {'co2_ppm': 418.9938723519731, 'temperature_c': 25.0, 'humidity_percent': 50.0, 'gas_flow_l_min': 375.0, 'captured_co2_g': 0.4241400666126492, 'fan_speed_rpm': 1500.0} | Cmd RPM: 1500.0
2026-09-17 12:04:19,117 - DigitalTwin - INFO - Scenario: sensor_spike | True: {'co2_ppm': 419.4440613782157, 'temperature_c': 25.0, 'humidity_percent': 50.0, 'gas_flow_l_min': 375.0, 'captured_co2_g': 0.4279150631650531, 'fan_speed_rpm': 1500.0} | Cmd RPM: 1500.0
2026-09-17 12:04:20,118 - DigitalTwin - INFO - Scenario: sensor_spike | True: {'co2_ppm': 419.4183529333835, 'temperature_c': 25.0, 'humidity_percent': 50.0, 'gas_flow_l_min': 375.0, 'captured_co2_g': 0.4316898283414536, 'fan_speed_rpm': 1500.0} | Cmd RPM: 1500.0
2026-09-17 12:04:21,119 - DigitalTwin - INFO - Scenario: sensor_spike | True: {'co2_ppm': 419.11072659262874, 'temperature_c': 25.0, 'humidity_percent': 50.0, 'gas_flow_l_min': 375.0, 'captured_co2_g': 0.4354618248807872, 'fan_speed_rpm': 1500.0} | Cmd RPM: 1500.0
2026-09-17 12:04:22,120 - DigitalTwin - INFO - Scenario: sensor_spike | True: {'co2_ppm': 419.2689151131079, 'temperature_c': 25.0, 'humidity_percent': 50.0, 'gas_flow_l_min': 375.0, 'captured_co2_g': 0.4392352451168052, 'fan_speed_rpm': 1500.0} | Cmd RPM: 1500.0
2026-09-17 12:04:23,122 - DigitalTwin - INFO - Scenario: sensor_spike | True: {'co2_ppm': 418.8393969173346, 'temperature_c': 25.0, 'humidity_percent': 50.0, 'gas_flow_l_min': 375.0, 'captured_co2_g': 0.4430047996890612, 'fan_speed_rpm': 1500.0} | Cmd RPM: 1500.0
2026-09-17 12:04:24,123 - DigitalTwin - INFO - Scenario: sensor_spike | True: {'co2_ppm': 418.980620191338, 'temperature_c': 25.0, 'humidity_percent': 50.0, 'gas_flow_l_min': 375.0, 'captured_co2_g': 0.44677562527078324, 'fan_speed_rpm': 1500.0} | Cmd RPM: 1500.0
2026-09-17 12:04:25,124 - DigitalTwin - INFO - Scenario: sensor_spike | True: {'co2_ppm': 419.01563683977736, 'temperature_c': 25.0, 'humidity_percent': 50.0, 'gas_flow_l_min': 375.0, 'captured_co2_g': 0.4505467660023412, 'fan_speed_rpm': 1500.0} | Cmd RPM: 1500.0
2026-09-17 12:04:26,126 - DigitalTwin - INFO - Scenario: sensor_spike | True: {'co2_ppm': 419.21517332292075, 'temperature_c': 25.0, 'humidity_percent': 50.0, 'gas_flow_l_min': 375.0, 'captured_co2_g': 0.4543197025622475, 'fan_speed_rpm': 1500.0} | Cmd RPM: 1500.0
2026-09-17 12:04:27,127 - DigitalTwin - INFO - Scenario: sensor_spike | True: {'co2_ppm': 419.2513055789724, 'temperature_c': 25.0, 'humidity_percent': 50.0, 'gas_flow_l_min': 375.0, 'captured_co2_g': 0.4580929643124583, 'fan_speed_rpm': 1500.0} | Cmd RPM: 1500.0
2026-09-17 12:04:28,130 - DigitalTwin - INFO - Scenario: sensor_spike | True: {'co2_ppm': 419.40358690499755, 'temperature_c': 25.0, 'humidity_percent': 50.0, 'gas_flow_l_min': 375.0, 'captured_co2_g': 0.46186759659460325, 'fan_speed_rpm': 1500.0} | Cmd RPM: 1500.0
2026-09-17 12:04:29,131 - DigitalTwin - INFO - Scenario: sensor_spike | True: {'co2_ppm': 419.5724311381937, 'temperature_c': 25.0, 'humidity_percent': 50.0, 'gas_flow_l_min': 375.0, 'captured_co2_g': 0.46564374847484696, 'fan_speed_rpm': 1500.0} | Cmd RPM: 1500.0
2026-09-17 12:04:30,132 - DigitalTwin - INFO - Scenario: sensor_spike | True: {'co2_ppm': 419.82891640297544, 'temperature_c': 25.0, 'humidity_percent': 50.0, 'gas_flow_l_min': 375.0, 'captured_co2_g': 0.46942220872247375, 'fan_speed_rpm': 1500.0} | Cmd RPM: 1500.0
2026-09-17 12:04:31,134 - DigitalTwin - INFO - Scenario: sensor_spike | True: {'co2_ppm': 420.15141957141566, 'temperature_c': 25.0, 'humidity_percent': 50.0, 'gas_flow_l_min': 375.0, 'captured_co2_g': 0.47320357149861647, 'fan_speed_rpm': 1500.0} | Cmd RPM: 1500.0
2026-09-17 12:04:32,135 - DigitalTwin - INFO - Scenario: sensor_spike | True: {'co2_ppm': 419.77825981492214, 'temperature_c': 25.0, 'humidity_percent': 50.0, 'gas_flow_l_min': 375.0, 'captured_co2_g': 0.4769815758369508, 'fan_speed_rpm': 1500.0} | Cmd RPM: 1500.0
2026-09-17 12:04:33,137 - DigitalTwin - INFO - Scenario: sensor_spike | True: {'co2_ppm': 420.233253084111, 'temperature_c': 25.0, 'humidity_percent': 50.0, 'gas_flow_l_min': 375.0, 'captured_co2_g': 0.4807636751147078, 'fan_speed_rpm': 1500.0} | Cmd RPM: 1500.0
2026-09-17 12:04:34,138 - DigitalTwin - INFO - Scenario: sensor_spike | True: {'co2_ppm': 420.3857773926855, 'temperature_c': 25.0, 'humidity_percent': 50.0, 'gas_flow_l_min': 375.0, 'captured_co2_g': 0.48454714711124197, 'fan_speed_rpm': 1500.0} | Cmd RPM: 1500.0
2026-09-17 12:04:35,139 - DigitalTwin - INFO - Scenario: sensor_spike | True: {'co2_ppm': 419.9152619402154, 'temperature_c': 25.0, 'humidity_percent': 50.0, 'gas_flow_l_min': 375.0, 'captured_co2_g': 0.4883263844687039, 'fan_speed_rpm': 1500.0} | Cmd RPM: 1500.0
2026-09-17 12:04:36,141 - DigitalTwin - INFO - Scenario: sensor_spike | True: {'co2_ppm': 420.3084170997111, 'temperature_c': 25.0, 'humidity_percent': 50.0, 'gas_flow_l_min': 375.0, 'captured_co2_g': 0.4921091602226013, 'fan_speed_rpm': 1500.0} | Cmd RPM: 1500.0
2026-09-17 12:04:37,142 - DigitalTwin - INFO - Scenario: sensor_spike | True: {'co2_ppm': 419.9103286434163, 'temperature_c': 25.0, 'humidity_percent': 50.0, 'gas_flow_l_min': 375.0, 'captured_co2_g': 0.49588835318039204, 'fan_speed_rpm': 1500.0} | Cmd RPM: 1500.0
2026-09-17 12:04:38,143 - DigitalTwin - INFO - Scenario: sensor_spike | True: {'co2_ppm': 419.83798262698946, 'temperature_c': 25.0, 'humidity_percent': 50.0, 'gas_flow_l_min': 375.0, 'captured_co2_g': 0.49966689502403494, 'fan_speed_rpm': 1500.0} | Cmd RPM: 1500.0
2026-09-17 12:04:39,145 - DigitalTwin - INFO - Scenario: sensor_spike | True: {'co2_ppm': 420.27502894475197, 'temperature_c': 25.0, 'humidity_percent': 50.0, 'gas_flow_l_min': 375.0, 'captured_co2_g': 0.5034493702845377, 'fan_speed_rpm': 1500.0} | Cmd RPM: 1500.0
2026-09-17 12:04:40,146 - DigitalTwin - INFO - Scenario: sensor_spike | True: {'co2_ppm': 420.43767374972157, 'temperature_c': 25.0, 'humidity_percent': 50.0, 'gas_flow_l_min': 375.0, 'captured_co2_g': 0.5072333093482853, 'fan_speed_rpm': 1500.0} | Cmd RPM: 1500.0
2026-09-17 12:04:41,147 - DigitalTwin - INFO - Scenario: sensor_spike | True: {'co2_ppm': 420.746421591276, 'temperature_c': 25.0, 'humidity_percent': 50.0, 'gas_flow_l_min': 375.0, 'captured_co2_g': 0.5110200271426067, 'fan_speed_rpm': 1500.0} | Cmd RPM: 1500.0
2026-09-17 12:04:42,149 - DigitalTwin - INFO - Scenario: sensor_spike | True: {'co2_ppm': 420.465490964018, 'temperature_c': 25.0, 'humidity_percent': 50.0, 'gas_flow_l_min': 375.0, 'captured_co2_g': 0.514804216561283, 'fan_speed_rpm': 1500.0} | Cmd RPM: 1500.0
2026-09-17 12:04:43,150 - DigitalTwin - INFO - Scenario: sensor_spike | True: {'co2_ppm': 420.7934270712482, 'temperature_c': 25.0, 'humidity_percent': 50.0, 'gas_flow_l_min': 375.0, 'captured_co2_g': 0.5185913574049241, 'fan_speed_rpm': 1500.0} | Cmd RPM: 1500.0
2026-09-17 12:04:44,151 - DigitalTwin - INFO - Scenario: sensor_spike | True: {'co2_ppm': 420.40224824255705, 'temperature_c': 25.0, 'humidity_percent': 50.0, 'gas_flow_l_min': 375.0, 'captured_co2_g': 0.5223749776391071, 'fan_speed_rpm': 1500.0} | Cmd RPM: 1500.0
2026-09-17 12:04:45,152 - DigitalTwin - INFO - Scenario: sensor_spike | True: {'co2_ppm': 420.13317085621514, 'temperature_c': 25.0, 'humidity_percent': 50.0, 'gas_flow_l_min': 375.0, 'captured_co2_g': 0.5261561761768131, 'fan_speed_rpm': 1500.0} | Cmd RPM: 1500.0
2026-09-17 12:04:46,153 - DigitalTwin - INFO - Scenario: sensor_spike | True: {'co2_ppm': 420.10394598055643, 'temperature_c': 25.0, 'humidity_percent': 50.0, 'gas_flow_l_min': 375.0, 'captured_co2_g': 0.5299371116906381, 'fan_speed_rpm': 1500.0} | Cmd RPM: 1500.0
2026-09-17 12:04:47,154 - DigitalTwin - INFO - Scenario: sensor_spike | True: {'co2_ppm': 420.36781432771, 'temperature_c': 25.0, 'humidity_percent': 50.0, 'gas_flow_l_min': 375.0, 'captured_co2_g': 0.5337204220195875, 'fan_speed_rpm': 1500.0} | Cmd RPM: 1500.0
2026-09-17 12:04:48,156 - DigitalTwin - INFO - Scenario: sensor_spike | True: {'co2_ppm': 420.25596000311145, 'temperature_c': 25.0, 'humidity_percent': 50.0, 'gas_flow_l_min': 375.0, 'captured_co2_g': 0.5375027256596154, 'fan_speed_rpm': 1500.0} | Cmd RPM: 1500.0
2026-09-17 12:04:49,157 - DigitalTwin - INFO - Scenario: sensor_spike | True: {'co2_ppm': 419.83056012461, 'temperature_c': 25.0, 'humidity_percent': 50.0, 'gas_flow_l_min': 375.0, 'captured_co2_g': 0.5412812007007369, 'fan_speed_rpm': 1500.0} | Cmd RPM: 1500.0
2026-09-17 12:04:50,158 - DigitalTwin - INFO - Scenario: sensor_spike | True: {'co2_ppm': 419.7950617650762, 'temperature_c': 25.0, 'humidity_percent': 50.0, 'gas_flow_l_min': 375.0, 'captured_co2_g': 0.5450593562566226, 'fan_speed_rpm': 1500.0} | Cmd RPM: 1500.0
2026-09-17 12:04:51,159 - DigitalTwin - INFO - Scenario: sensor_spike | True: {'co2_ppm': 420.0151065976471, 'temperature_c': 25.0, 'humidity_percent': 50.0, 'gas_flow_l_min': 375.0, 'captured_co2_g': 0.5488394922160015, 'fan_speed_rpm': 1500.0} | Cmd RPM: 1500.0
2026-09-17 12:04:52,160 - DigitalTwin - INFO - Scenario: sensor_spike | True: {'co2_ppm': 419.6296828150766, 'temperature_c': 25.0, 'humidity_percent': 50.0, 'gas_flow_l_min': 375.0, 'captured_co2_g': 0.5526161593613371, 'fan_speed_rpm': 1500.0} | Cmd RPM: 1500.0
2026-09-17 12:04:53,161 - DigitalTwin - INFO - Scenario: sensor_spike | True: {'co2_ppm': 419.9633819683739, 'temperature_c': 25.0, 'humidity_percent': 50.0, 'gas_flow_l_min': 375.0, 'captured_co2_g': 0.5563958297990524, 'fan_speed_rpm': 1500.0} | Cmd RPM: 1500.0
2026-09-17 12:04:54,162 - DigitalTwin - INFO - Scenario: sensor_spike | True: {'co2_ppm': 420.0237199632477, 'temperature_c': 25.0, 'humidity_percent': 50.0, 'gas_flow_l_min': 375.0, 'captured_co2_g': 0.5601760432787217, 'fan_speed_rpm': 1500.0} | Cmd RPM: 1500.0
2026-09-17 12:04:55,164 - DigitalTwin - INFO - Scenario: sensor_spike | True: {'co2_ppm': 420.23254160989416, 'temperature_c': 25.0, 'humidity_percent': 50.0, 'gas_flow_l_min': 375.0, 'captured_co2_g': 0.5639581361532108, 'fan_speed_rpm': 1500.0} | Cmd RPM: 1500.0
2026-09-17 12:04:56,165 - DigitalTwin - INFO - Scenario: sensor_spike | True: {'co2_ppm': 419.95894715505165, 'temperature_c': 25.0, 'humidity_percent': 50.0, 'gas_flow_l_min': 375.0, 'captured_co2_g': 0.5677377666776062, 'fan_speed_rpm': 1500.0} | Cmd RPM: 1500.0
2026-09-17 12:04:57,167 - DigitalTwin - INFO - Scenario: sensor_spike | True: {'co2_ppm': 420.288897200561, 'temperature_c': 25.0, 'humidity_percent': 50.0, 'gas_flow_l_min': 375.0, 'captured_co2_g': 0.5715203667524112, 'fan_speed_rpm': 1500.0} | Cmd RPM: 1500.0
2026-09-17 12:04:58,168 - DigitalTwin - INFO - Scenario: sensor_spike | True: {'co2_ppm': 420.5874400909946, 'temperature_c': 25.0, 'humidity_percent': 50.0, 'gas_flow_l_min': 375.0, 'captured_co2_g': 0.5753056537132302, 'fan_speed_rpm': 1500.0} | Cmd RPM: 1500.0
2026-09-17 12:04:59,169 - DigitalTwin - INFO - Scenario: sensor_spike | True: {'co2_ppm': 420.9094376576545, 'temperature_c': 25.0, 'humidity_percent': 50.0, 'gas_flow_l_min': 375.0, 'captured_co2_g': 0.579093838652149, 'fan_speed_rpm': 1500.0} | Cmd RPM: 1500.0
2026-09-17 12:05:00,171 - DigitalTwin - INFO - Scenario: sensor_spike | True: {'co2_ppm': 420.59334201080367, 'temperature_c': 25.0, 'humidity_percent': 50.0, 'gas_flow_l_min': 375.0, 'captured_co2_g': 0.5828791787302463, 'fan_speed_rpm': 1500.0} | Cmd RPM: 1500.0
2026-09-17 12:05:01,172 - DigitalTwin - INFO - Scenario: sensor_spike | True: {'co2_ppm': 420.1693840982418, 'temperature_c': 25.0, 'humidity_percent': 50.0, 'gas_flow_l_min': 375.0, 'captured_co2_g': 0.5866607031871305, 'fan_speed_rpm': 1500.0} | Cmd RPM: 1500.0
2026-09-17 12:05:02,174 - DigitalTwin - INFO - Scenario: sensor_spike | True: {'co2_ppm': 420.14729351297615, 'temperature_c': 25.0, 'humidity_percent': 50.0, 'gas_flow_l_min': 375.0, 'captured_co2_g': 0.5904420288287473, 'fan_speed_rpm': 1500.0} | Cmd RPM: 1500.0
2026-09-17 12:05:03,176 - DigitalTwin - INFO - Scenario: sensor_spike | True: {'co2_ppm': 420.30949077934946, 'temperature_c': 25.0, 'humidity_percent': 50.0, 'gas_flow_l_min': 375.0, 'captured_co2_g': 0.5942248142457615, 'fan_speed_rpm': 1500.0} | Cmd RPM: 1500.0
2026-09-17 12:05:04,177 - DigitalTwin - INFO - Scenario: sensor_spike | True: {'co2_ppm': 420.1053646342995, 'temperature_c': 25.0, 'humidity_percent': 50.0, 'gas_flow_l_min': 375.0, 'captured_co2_g': 0.5980057625274702, 'fan_speed_rpm': 1500.0} | Cmd RPM: 1500.0
2026-09-17 12:05:05,178 - DigitalTwin - INFO - Scenario: sensor_spike | True: {'co2_ppm': 419.79200646436664, 'temperature_c': 25.0, 'humidity_percent': 50.0, 'gas_flow_l_min': 375.0, 'captured_co2_g': 0.6017838905856495, 'fan_speed_rpm': 1500.0} | Cmd RPM: 1500.0
2026-09-17 12:05:06,180 - DigitalTwin - INFO - Scenario: sensor_spike | True: {'co2_ppm': 420.1460822850698, 'temperature_c': 25.0, 'humidity_percent': 50.0, 'gas_flow_l_min': 375.0, 'captured_co2_g': 0.6055652053262152, 'fan_speed_rpm': 1500.0} | Cmd RPM: 1500.0
2026-09-17 12:05:07,181 - DigitalTwin - INFO - Scenario: sensor_spike | True: {'co2_ppm': 420.3378021843068, 'temperature_c': 25.0, 'humidity_percent': 50.0, 'gas_flow_l_min': 375.0, 'captured_co2_g': 0.609348245545874, 'fan_speed_rpm': 1500.0} | Cmd RPM: 1500.0
2026-09-17 12:05:08,182 - DigitalTwin - INFO - Scenario: sensor_spike | True: {'co2_ppm': 420.6363366925096, 'temperature_c': 25.0, 'humidity_percent': 50.0, 'gas_flow_l_min': 375.0, 'captured_co2_g': 0.6131339725761066, 'fan_speed_rpm': 1500.0} | Cmd RPM: 1500.0
2026-09-17 12:05:09,183 - DigitalTwin - INFO - Scenario: sensor_spike | True: {'co2_ppm': 420.50549821990046, 'temperature_c': 25.0, 'humidity_percent': 50.0, 'gas_flow_l_min': 375.0, 'captured_co2_g': 0.6169185220600857, 'fan_speed_rpm': 1500.0} | Cmd RPM: 1500.0
2026-09-17 12:05:10,184 - DigitalTwin - INFO - Scenario: sensor_spike | True: {'co2_ppm': 420.48967776811224, 'temperature_c': 25.0, 'humidity_percent': 50.0, 'gas_flow_l_min': 375.0, 'captured_co2_g': 0.6207029291599987, 'fan_speed_rpm': 1500.0} | Cmd RPM: 1500.0
2026-09-17 12:05:11,186 - DigitalTwin - INFO - Scenario: sensor_spike | True: {'co2_ppm': 420.12931588707045, 'temperature_c': 25.0, 'humidity_percent': 50.0, 'gas_flow_l_min': 375.0, 'captured_co2_g': 0.6244840930029824, 'fan_speed_rpm': 1500.0} | Cmd RPM: 1500.0
2026-09-17 12:05:12,187 - DigitalTwin - INFO - Scenario: sensor_spike | True: {'co2_ppm': 420.1172612664834, 'temperature_c': 25.0, 'humidity_percent': 50.0, 'gas_flow_l_min': 375.0, 'captured_co2_g': 0.6282651483543807, 'fan_speed_rpm': 1500.0} | Cmd RPM: 1500.0
2026-09-17 12:05:13,190 - DigitalTwin - INFO - Scenario: sensor_spike | True: {'co2_ppm': 420.2296938936291, 'temperature_c': 25.0, 'humidity_percent': 50.0, 'gas_flow_l_min': 375.0, 'captured_co2_g': 0.6320472155994235, 'fan_speed_rpm': 1500.0} | Cmd RPM: 1500.0
2026-09-17 12:05:14,190 - DigitalTwin - INFO - Scenario: sensor_spike | True: {'co2_ppm': 420.0041491830595, 'temperature_c': 25.0, 'humidity_percent': 50.0, 'gas_flow_l_min': 375.0, 'captured_co2_g': 0.635827252942071, 'fan_speed_rpm': 1500.0} | Cmd RPM: 1500.0
2026-09-17 12:05:15,192 - DigitalTwin - INFO - Scenario: sensor_spike | True: {'co2_ppm': 419.60183617502133, 'temperature_c': 25.0, 'humidity_percent': 50.0, 'gas_flow_l_min': 375.0, 'captured_co2_g': 0.6396036694676461, 'fan_speed_rpm': 1500.0} | Cmd RPM: 1500.0
2026-09-17 12:05:16,193 - DigitalTwin - INFO - Scenario: sensor_spike | True: {'co2_ppm': 419.8989712736724, 'temperature_c': 25.0, 'humidity_percent': 50.0, 'gas_flow_l_min': 375.0, 'captured_co2_g': 0.6433827602091092, 'fan_speed_rpm': 1500.0} | Cmd RPM: 1500.0
2026-09-17 12:05:17,194 - DigitalTwin - INFO - Scenario: sensor_spike | True: {'co2_ppm': 419.5723407328496, 'temperature_c': 25.0, 'humidity_percent': 50.0, 'gas_flow_l_min': 375.0, 'captured_co2_g': 0.6471589112757049, 'fan_speed_rpm': 1500.0} | Cmd RPM: 1500.0
2026-09-17 12:05:18,196 - DigitalTwin - INFO - Scenario: sensor_spike | True: {'co2_ppm': 419.28265466207165, 'temperature_c': 25.0, 'humidity_percent': 50.0, 'gas_flow_l_min': 375.0, 'captured_co2_g': 0.6509324551676635, 'fan_speed_rpm': 1500.0} | Cmd RPM: 1500.0
2026-09-17 12:05:19,198 - DigitalTwin - INFO - Scenario: sensor_spike | True: {'co2_ppm': 419.11227082865173, 'temperature_c': 25.0, 'humidity_percent': 50.0, 'gas_flow_l_min': 375.0, 'captured_co2_g': 0.6547044656051214, 'fan_speed_rpm': 1500.0} | Cmd RPM: 1500.0
2026-09-17 12:05:20,199 - DigitalTwin - INFO - Scenario: sensor_spike | True: {'co2_ppm': 418.7714379373585, 'temperature_c': 25.0, 'humidity_percent': 50.0, 'gas_flow_l_min': 375.0, 'captured_co2_g': 0.6584734085465577, 'fan_speed_rpm': 1500.0} | Cmd RPM: 1500.0
2026-09-17 12:05:21,200 - DigitalTwin - INFO - Scenario: sensor_spike | True: {'co2_ppm': 418.6745599747481, 'temperature_c': 25.0, 'humidity_percent': 50.0, 'gas_flow_l_min': 375.0, 'captured_co2_g': 0.6622414795863304, 'fan_speed_rpm': 1500.0} | Cmd RPM: 1500.0
2026-09-17 12:05:22,202 - DigitalTwin - INFO - Scenario: sensor_spike | True: {'co2_ppm': 418.8311211427547, 'temperature_c': 25.0, 'humidity_percent': 50.0, 'gas_flow_l_min': 375.0, 'captured_co2_g': 0.6660109596766152, 'fan_speed_rpm': 1500.0} | Cmd RPM: 1500.0
2026-09-17 12:05:23,203 - DigitalTwin - INFO - Scenario: sensor_spike | True: {'co2_ppm': 419.20207610986665, 'temperature_c': 25.0, 'humidity_percent': 50.0, 'gas_flow_l_min': 375.0, 'captured_co2_g': 0.669783778361604, 'fan_speed_rpm': 1500.0} | Cmd RPM: 1500.0
2026-09-17 12:05:24,205 - DigitalTwin - INFO - Scenario: sensor_spike | True: {'co2_ppm': 419.1114400899063, 'temperature_c': 25.0, 'humidity_percent': 50.0, 'gas_flow_l_min': 375.0, 'captured_co2_g': 0.6735557813224131, 'fan_speed_rpm': 1500.0} | Cmd RPM: 1500.0
2026-09-17 12:05:25,206 - DigitalTwin - INFO - Scenario: sensor_spike | True: {'co2_ppm': 418.75417491549683, 'temperature_c': 25.0, 'humidity_percent': 50.0, 'gas_flow_l_min': 375.0, 'captured_co2_g': 0.6773245688966526, 'fan_speed_rpm': 1500.0} | Cmd RPM: 1500.0
2026-09-17 12:05:26,207 - DigitalTwin - INFO - Scenario: sensor_spike | True: {'co2_ppm': 418.6613923230881, 'temperature_c': 25.0, 'humidity_percent': 50.0, 'gas_flow_l_min': 375.0, 'captured_co2_g': 0.6810925214275604, 'fan_speed_rpm': 1500.0} | Cmd RPM: 1500.0
2026-09-17 12:05:27,209 - DigitalTwin - INFO - Scenario: sensor_spike | True: {'co2_ppm': 419.021914240591, 'temperature_c': 25.0, 'humidity_percent': 50.0, 'gas_flow_l_min': 375.0, 'captured_co2_g': 0.6848637186557257, 'fan_speed_rpm': 1500.0} | Cmd RPM: 1500.0
2026-09-17 12:05:28,210 - DigitalTwin - INFO - Scenario: sensor_spike | True: {'co2_ppm': 418.8665000644966, 'temperature_c': 25.0, 'humidity_percent': 50.0, 'gas_flow_l_min': 375.0, 'captured_co2_g': 0.6886335171563062, 'fan_speed_rpm': 1500.0} | Cmd RPM: 1500.0
2026-09-17 12:05:29,212 - DigitalTwin - INFO - Scenario: sensor_spike | True: {'co2_ppm': 419.2415327843612, 'temperature_c': 25.0, 'humidity_percent': 50.0, 'gas_flow_l_min': 375.0, 'captured_co2_g': 0.6924066909513654, 'fan_speed_rpm': 1500.0} | Cmd RPM: 1500.0
2026-09-17 12:05:30,213 - DigitalTwin - INFO - Scenario: sensor_spike | True: {'co2_ppm': 419.3055429441816, 'temperature_c': 25.0, 'humidity_percent': 50.0, 'gas_flow_l_min': 375.0, 'captured_co2_g': 0.696180440837863, 'fan_speed_rpm': 1500.0} | Cmd RPM: 1500.0
2026-09-17 12:05:31,214 - DigitalTwin - INFO - Scenario: sensor_spike | True: {'co2_ppm': 419.69567689477213, 'temperature_c': 25.0, 'humidity_percent': 50.0, 'gas_flow_l_min': 375.0, 'captured_co2_g': 0.6999577019299159, 'fan_speed_rpm': 1500.0} | Cmd RPM: 1500.0
2026-09-17 12:05:32,215 - DigitalTwin - INFO - Scenario: sensor_spike | True: {'co2_ppm': 419.4950447846453, 'temperature_c': 25.0, 'humidity_percent': 50.0, 'gas_flow_l_min': 375.0, 'captured_co2_g': 0.7037331573329777, 'fan_speed_rpm': 1500.0} | Cmd RPM: 1500.0
2026-09-17 12:05:33,216 - DigitalTwin - INFO - Scenario: sensor_spike | True: {'co2_ppm': 419.37739836964477, 'temperature_c': 25.0, 'humidity_percent': 50.0, 'gas_flow_l_min': 375.0, 'captured_co2_g': 0.7075075539183046, 'fan_speed_rpm': 1500.0} | Cmd RPM: 1500.0
2026-09-17 12:05:34,216 - DigitalTwin - INFO - Scenario: sensor_spike | True: {'co2_ppm': 418.96030661941427, 'temperature_c': 25.0, 'humidity_percent': 50.0, 'gas_flow_l_min': 375.0, 'captured_co2_g': 0.7112781966778793, 'fan_speed_rpm': 1500.0} | Cmd RPM: 1500.0
2026-09-17 12:05:35,218 - DigitalTwin - INFO - Scenario: sensor_spike | True: {'co2_ppm': 419.32556479243874, 'temperature_c': 25.0, 'humidity_percent': 50.0, 'gas_flow_l_min': 375.0, 'captured_co2_g': 0.7150521267610113, 'fan_speed_rpm': 1500.0} | Cmd RPM: 1500.0
2026-09-17 12:05:36,220 - DigitalTwin - INFO - Scenario: sensor_spike | True: {'co2_ppm': 419.12741428483196, 'temperature_c': 25.0, 'humidity_percent': 50.0, 'gas_flow_l_min': 375.0, 'captured_co2_g': 0.7188242734895748, 'fan_speed_rpm': 1500.0} | Cmd RPM: 1500.0
